Archive member included to satisfy reference by file (symbol)

c:/software/stm32cubeide_1.11.0/stm32cubeide/plugins/com.st.stm32cube.ide.mcu.externaltools.gnu-tools-for-stm32.10.3-2021.10.win32_1.0.100.202210260954/tools/bin/../lib/gcc/arm-none-eabi/10.3.1/../../../../arm-none-eabi/lib/thumb/v7e-m+fp/hard\libc_nano.a(lib_a-errno.o)
                              ./Core/Src/syscalls.o (__errno)
c:/software/stm32cubeide_1.11.0/stm32cubeide/plugins/com.st.stm32cube.ide.mcu.externaltools.gnu-tools-for-stm32.10.3-2021.10.win32_1.0.100.202210260954/tools/bin/../lib/gcc/arm-none-eabi/10.3.1/../../../../arm-none-eabi/lib/thumb/v7e-m+fp/hard\libc_nano.a(lib_a-exit.o)
                              c:/software/stm32cubeide_1.11.0/stm32cubeide/plugins/com.st.stm32cube.ide.mcu.externaltools.gnu-tools-for-stm32.10.3-2021.10.win32_1.0.100.202210260954/tools/bin/../lib/gcc/arm-none-eabi/10.3.1/../../../../arm-none-eabi/lib/thumb/v7e-m+fp/hard/crt0.o (exit)
c:/software/stm32cubeide_1.11.0/stm32cubeide/plugins/com.st.stm32cube.ide.mcu.externaltools.gnu-tools-for-stm32.10.3-2021.10.win32_1.0.100.202210260954/tools/bin/../lib/gcc/arm-none-eabi/10.3.1/../../../../arm-none-eabi/lib/thumb/v7e-m+fp/hard\libc_nano.a(lib_a-findfp.o)
                              ./Middlewares/Third_Party/FreeRTOS/Source/tasks.o (__sf_fake_stderr)
c:/software/stm32cubeide_1.11.0/stm32cubeide/plugins/com.st.stm32cube.ide.mcu.externaltools.gnu-tools-for-stm32.10.3-2021.10.win32_1.0.100.202210260954/tools/bin/../lib/gcc/arm-none-eabi/10.3.1/../../../../arm-none-eabi/lib/thumb/v7e-m+fp/hard\libc_nano.a(lib_a-fwalk.o)
                              c:/software/stm32cubeide_1.11.0/stm32cubeide/plugins/com.st.stm32cube.ide.mcu.externaltools.gnu-tools-for-stm32.10.3-2021.10.win32_1.0.100.202210260954/tools/bin/../lib/gcc/arm-none-eabi/10.3.1/../../../../arm-none-eabi/lib/thumb/v7e-m+fp/hard\libc_nano.a(lib_a-findfp.o) (_fwalk)
c:/software/stm32cubeide_1.11.0/stm32cubeide/plugins/com.st.stm32cube.ide.mcu.externaltools.gnu-tools-for-stm32.10.3-2021.10.win32_1.0.100.202210260954/tools/bin/../lib/gcc/arm-none-eabi/10.3.1/../../../../arm-none-eabi/lib/thumb/v7e-m+fp/hard\libc_nano.a(lib_a-impure.o)
                              c:/software/stm32cubeide_1.11.0/stm32cubeide/plugins/com.st.stm32cube.ide.mcu.externaltools.gnu-tools-for-stm32.10.3-2021.10.win32_1.0.100.202210260954/tools/bin/../lib/gcc/arm-none-eabi/10.3.1/../../../../arm-none-eabi/lib/thumb/v7e-m+fp/hard\libc_nano.a(lib_a-exit.o) (_global_impure_ptr)
c:/software/stm32cubeide_1.11.0/stm32cubeide/plugins/com.st.stm32cube.ide.mcu.externaltools.gnu-tools-for-stm32.10.3-2021.10.win32_1.0.100.202210260954/tools/bin/../lib/gcc/arm-none-eabi/10.3.1/../../../../arm-none-eabi/lib/thumb/v7e-m+fp/hard\libc_nano.a(lib_a-init.o)
                              c:/software/stm32cubeide_1.11.0/stm32cubeide/plugins/com.st.stm32cube.ide.mcu.externaltools.gnu-tools-for-stm32.10.3-2021.10.win32_1.0.100.202210260954/tools/bin/../lib/gcc/arm-none-eabi/10.3.1/../../../../arm-none-eabi/lib/thumb/v7e-m+fp/hard/crt0.o (__libc_init_array)
c:/software/stm32cubeide_1.11.0/stm32cubeide/plugins/com.st.stm32cube.ide.mcu.externaltools.gnu-tools-for-stm32.10.3-2021.10.win32_1.0.100.202210260954/tools/bin/../lib/gcc/arm-none-eabi/10.3.1/../../../../arm-none-eabi/lib/thumb/v7e-m+fp/hard\libc_nano.a(lib_a-lock.o)
                              c:/software/stm32cubeide_1.11.0/stm32cubeide/plugins/com.st.stm32cube.ide.mcu.externaltools.gnu-tools-for-stm32.10.3-2021.10.win32_1.0.100.202210260954/tools/bin/../lib/gcc/arm-none-eabi/10.3.1/../../../../arm-none-eabi/lib/thumb/v7e-m+fp/hard\libc_nano.a(lib_a-findfp.o) (__retarget_lock_init_recursive)
c:/software/stm32cubeide_1.11.0/stm32cubeide/plugins/com.st.stm32cube.ide.mcu.externaltools.gnu-tools-for-stm32.10.3-2021.10.win32_1.0.100.202210260954/tools/bin/../lib/gcc/arm-none-eabi/10.3.1/../../../../arm-none-eabi/lib/thumb/v7e-m+fp/hard\libc_nano.a(lib_a-memcpy-stub.o)
                              ./CarOS/src/communication/c_io.o (memcpy)
c:/software/stm32cubeide_1.11.0/stm32cubeide/plugins/com.st.stm32cube.ide.mcu.externaltools.gnu-tools-for-stm32.10.3-2021.10.win32_1.0.100.202210260954/tools/bin/../lib/gcc/arm-none-eabi/10.3.1/../../../../arm-none-eabi/lib/thumb/v7e-m+fp/hard\libc_nano.a(lib_a-memset.o)
                              c:/software/stm32cubeide_1.11.0/stm32cubeide/plugins/com.st.stm32cube.ide.mcu.externaltools.gnu-tools-for-stm32.10.3-2021.10.win32_1.0.100.202210260954/tools/bin/../lib/gcc/arm-none-eabi/10.3.1/../../../../arm-none-eabi/lib/thumb/v7e-m+fp/hard/crt0.o (memset)
c:/software/stm32cubeide_1.11.0/stm32cubeide/plugins/com.st.stm32cube.ide.mcu.externaltools.gnu-tools-for-stm32.10.3-2021.10.win32_1.0.100.202210260954/tools/bin/../lib/gcc/arm-none-eabi/10.3.1/../../../../arm-none-eabi/lib/thumb/v7e-m+fp/hard\libc_nano.a(lib_a-nano-mallocr.o)
[...]
Memory Configuration

Name             Origin             Length             Attributes
CCMRAM           0x0000000010000000 0x0000000000010000 xrw
RAM              0x0000000020000000 0x0000000000020000 xrw
FLASH            0x0000000008000000 0x0000000000100000 xr
*default*        0x0000000000000000 0xffffffffffffffff

Linker script and memory map

LOAD c:/software/stm32cubeide_1.11.0/stm32cubeide/plugins/com.st.stm32cube.ide.mcu.externaltools.gnu-tools-for-stm32.10.3-2021.10.win32_1.0.100.202210260954/tools/bin/../lib/gcc/arm-none-eabi/10.3.1/thumb/v7e-m+fp/hard/crti.o
LOAD c:/software/stm32cubeide_1.11.0/stm32cubeide/plugins/com.st.stm32cube.ide.mcu.externaltools.gnu-tools-for-stm32.10.3-2021.10.win32_1.0.100.202210260954/tools/bin/../lib/gcc/arm-none-eabi/10.3.1/thumb/v7e-m+fp/hard/crtbegin.o
LOAD c:/software/stm32cubeide_1.11.0/stm32cubeide/plugins/com.st.stm32cube.ide.mcu.externaltools.gnu-tools-for-stm32.10.3-2021.10.win32_1.0.100.202210260954/tools/bin/../lib/gcc/arm-none-eabi/10.3.1/../../../../arm-none-eabi/lib/thumb/v7e-m+fp/hard/crt0.o
LOAD ./CarOS/src/app/c_app.o
LOAD ./CarOS/src/app/c_builtinapp.o
LOAD ./CarOS/src/car/c_2wheel_balance.o
LOAD ./CarOS/src/car/c_2wheel_differential.o
LOAD ./CarOS/src/car/c_3wheel_omni.o
LOAD ./CarOS/src/car/c_4wheel_differential.o
LOAD ./CarOS/src/car/c_4wheel_mecanum.o
LOAD ./CarOS/src/car/c_4wheel_omni.o
LOAD ./CarOS/src/car/c_6wheel_mecanum.o
LOAD ./CarOS/src/car/c_akerman.o
LOAD ./CarOS/src/car/c_car.o
LOAD ./CarOS/src/communication/c_command.o
LOAD ./CarOS/src/communication/c_io.o
LOAD ./CarOS/src/communication/c_pkgproc.o
LOAD ./CarOS/src/debug/c_debug.o
LOAD ./CarOS/src/memory/c_memory.o
LOAD ./CarOS/src/motor/DCmotor/c_DCmotor.o
LOAD ./CarOS/src/motor/DCmotor/controller/c_controller.o
LOAD ./CarOS/src/motor/DCmotor/driver/DCMotor_driver.o
LOAD ./CarOS/src/motor/DCmotor/driver/L298N/L298N_Driver.o
LOAD ./CarOS/src/motor/encoder/c_encoder.o
LOAD ./CarOS/src/peri_driver/distance_measure_sensor/laser_TF_Luna/c_tf_luna.o
LOAD ./Core/Src/dma.o
LOAD ./Core/Src/freertos.o
LOAD ./Core/Src/gpio.o
LOAD ./Core/Src/main.o
LOAD ./Core/Src/stm32f4xx_hal_msp.o
LOAD ./Core/Src/stm32f4xx_it.o
LOAD ./Core/Src/syscalls.o
LOAD ./Core/Src/sysmem.o
LOAD ./Core/Src/system_stm32f4xx.o
LOAD ./Core/Src/tim.o
LOAD ./Core/Src/usart.o
LOAD ./Core/Startup/startup_stm32f407zgtx.o
LOAD ./Drivers/STM32F4xx_HAL_Driver/Src/stm32f4xx_hal.o
LOAD ./Drivers/STM32F4xx_HAL_Driver/Src/stm32f4xx_hal_cortex.o
LOAD ./Drivers/STM32F4xx_HAL_Driver/Src/stm32f4xx_hal_dma.o
LOAD ./Drivers/STM32F4xx_HAL_Driver/Src/stm32f4xx_hal_dma_ex.o
LOAD ./Drivers/STM32F4xx_HAL_Driver/Src/stm32f4xx_hal_exti.o
LOAD ./Drivers/STM32F4xx_HAL_Driver/Src/stm32f4xx_hal_flash.o
LOAD ./Drivers/STM32F4xx_HAL_Driver/Src/stm32f4xx_hal_flash_ex.o
LOAD ./Drivers/STM32F4xx_HAL_Driver/Src/stm32f4xx_hal_flash_ramfunc.o
LOAD ./Drivers/STM32F4xx_HAL_Driver/Src/stm32f4xx_hal_gpio.o
LOAD ./Drivers/STM32F4xx_HAL_Driver/Src/stm32f4xx_hal_pwr.o
LOAD ./Drivers/STM32F4xx_HAL_Driver/Src/stm32f4xx_hal_pwr_ex.o
LOAD ./Drivers/STM32F4xx_HAL_Driver/Src/stm32f4xx_hal_rcc.o
LOAD ./Drivers/STM32F4xx_HAL_Driver/Src/stm32f4xx_hal_rcc_ex.o
LOAD ./Drivers/STM32F4xx_HAL_Driver/Src/stm32f4xx_hal_tim.o
LOAD ./Drivers/STM32F4xx_HAL_Driver/Src/stm32f4xx_hal_tim_ex.o
LOAD ./Drivers/STM32F4xx_HAL_Driver/Src/stm32f4xx_hal_uart.o
LOAD ./Middlewares/Third_Party/FreeRTOS/Source/CMSIS_RTOS/cmsis_os.o
LOAD ./Middlewares/Third_Party/FreeRTOS/Source/croutine.o
LOAD ./Middlewares/Third_Party/FreeRTOS/Source/event_groups.o
LOAD ./Middlewares/Third_Party/FreeRTOS/Source/list.o
LOAD ./Middlewares/Third_Party/FreeRTOS/Source/queue.o
LOAD ./Middlewares/Third_Party/FreeRTOS/Source/stream_buffer.o
LOAD ./Middlewares/Third_Party/FreeRTOS/Source/tasks.o
LOAD ./Middlewares/Third_Party/FreeRTOS/Source/timers.o
LOAD ./Middlewares/Third_Party/FreeRTOS/Source/portable/GCC/ARM_CM4F/port.o
LOAD ./Middlewares/Third_Party/FreeRTOS/Source/portable/MemMang/heap_4.o
START GROUP
LOAD c:/software/stm32cubeide_1.11.0/stm32cubeide/plugins/com.st.stm32cube.ide.mcu.externaltools.gnu-tools-for-stm32.10.3-2021.10.win32_1.0.100.202210260954/tools/bin/../lib/gcc/arm-none-eabi/10.3.1/../../../../arm-none-eabi/lib/thumb/v7e-m+fp/hard\libc_nano.a
LOAD c:/software/stm32cubeide_1.11.0/stm32cubeide/plugins/com.st.stm32cube.ide.mcu.externaltools.gnu-tools-for-stm32.10.3-2021.10.win32_1.0.100.202210260954/tools/bin/../lib/gcc/arm-none-eabi/10.3.1/../../../../arm-none-eabi/lib/thumb/v7e-m+fp/hard\libm.a
END GROUP
START GROUP
LOAD c:/software/stm32cubeide_1.11.0/stm32cubeide/plugins/com.st.stm32cube.ide.mcu.externaltools.gnu-tools-for-stm32.10.3-2021.10.win32_1.0.100.202210260954/tools/bin/../lib/gcc/arm-none-eabi/10.3.1/thumb/v7e-m+fp/hard\libgcc.a
LOAD c:/software/stm32cubeide_1.11.0/stm32cubeide/plugins/com.st.stm32cube.ide.mcu.externaltools.gnu-tools-for-stm32.10.3-2021.10.win32_1.0.100.202210260954/tools/bin/../lib/gcc/arm-none-eabi/10.3.1/../../../../arm-none-eabi/lib/thumb/v7e-m+fp/hard\libc_nano.a
END GROUP
START GROUP
LOAD c:/software/stm32cubeide_1.11.0/stm32cubeide/plugins/com.st.stm32cube.ide.mcu.externaltools.gnu-tools-for-stm32.10.3-2021.10.win32_1.0.100.202210260954/tools/bin/../lib/gcc/arm-none-eabi/10.3.1/thumb/v7e-m+fp/hard\libgcc.a
LOAD c:/software/stm32cubeide_1.11.0/stm32cubeide/plugins/com.st.stm32cube.ide.mcu.externaltools.gnu-tools-for-stm32.10.3-2021.10.win32_1.0.100.202210260954/tools/bin/../lib/gcc/arm-none-eabi/10.3.1/../../../../arm-none-eabi/lib/thumb/v7e-m+fp/hard\libc_nano.a
LOAD c:/software/stm32cubeide_1.11.0/stm32cubeide/plugins/com.st.stm32cube.ide.mcu.externaltools.gnu-tools-for-stm32.10.3-2021.10.win32_1.0.100.202210260954/tools/bin/../lib/gcc/arm-none-eabi/10.3.1/../../../../arm-none-eabi/lib/thumb/v7e-m+fp/hard\libnosys.a
END GROUP
START GROUP
LOAD c:/software/stm32cubeide_1.11.0/stm32cubeide/plugins/com.st.stm32cube.ide.mcu.externaltools.gnu-tools-for-stm32.10.3-2021.10.win32_1.0.100.202210260954/tools/bin/../lib/gcc/arm-none-eabi/10.3.1/thumb/v7e-m+fp/hard\libgcc.a
LOAD c:/software/stm32cubeide_1.11.0/stm32cubeide/plugins/com.st.stm32cube.ide.mcu.externaltools.gnu-tools-for-stm32.10.3-2021.10.win32_1.0.100.202210260954/tools/bin/../lib/gcc/arm-none-eabi/10.3.1/../../../../arm-none-eabi/lib/thumb/v7e-m+fp/hard\libc_nano.a
LOAD c:/software/stm32cubeide_1.11.0/stm32cubeide/plugins/com.st.stm32cube.ide.mcu.externaltools.gnu-tools-for-stm32.10.3-2021.10.win32_1.0.100.202210260954/tools/bin/../lib/gcc/arm-none-eabi/10.3.1/../../../../arm-none-eabi/lib/thumb/v7e-m+fp/hard\libnosys.a
END GROUP
LOAD c:/software/stm32cubeide_1.11.0/stm32cubeide/plugins/com.st.stm32cube.ide.mcu.externaltools.gnu-tools-for-stm32.10.3-2021.10.win32_1.0.100.202210260954/tools/bin/../lib/gcc/arm-none-eabi/10.3.1/thumb/v7e-m+fp/hard/crtend.o
LOAD c:/software/stm32cubeide_1.11.0/stm32cubeide/plugins/com.st.stm32cube.ide.mcu.externaltools.gnu-tools-for-stm32.10.3-2021.10.win32_1.0.100.202210260954/tools/bin/../lib/gcc/arm-none-eabi/10.3.1/thumb/v7e-m+fp/hard/crtn.o
                0x0000000020020000                _estack = (ORIGIN (RAM) + LENGTH (RAM))
                0x0000000000000200                _Min_Heap_Size = 0x200
                0x0000000000000400                _Min_Stack_Size = 0x400

.isr_vector     0x0000000008000000      0x188
                0x0000000008000000                . = ALIGN (0x4)
 *(.isr_vector)
 .isr_vector    0x0000000008000000      0x188 ./Core/Startup/startup_stm32f407zgtx.o
                0x0000000008000000                g_pfnVectors
                0x0000000008000188                . = ALIGN (0x4)

.text           0x0000000008000190     0xfbe8
                0x0000000008000190                . = ALIGN (0x4)
 *(.text)
 .text          0x0000000008000190       0x40 c:/software/stm32cubeide_1.11.0/stm32cubeide/plugins/com.st.stm32cube.ide.mcu.externaltools.gnu-tools-for-stm32.10.3-2021.10.win32_1.0.100.202210260954/tools/bin/../lib/gcc/arm-none-eabi/10.3.1/thumb/v7e-m+fp/hard/crtbegin.o
 .text          0x00000000080001d0       0x14 c:/software/stm32cubeide_1.11.0/stm32cubeide/plugins/com.st.stm32cube.ide.mcu.externaltools.gnu-tools-for-stm32.10.3-2021.10.win32_1.0.100.202210260954/tools/bin/../lib/gcc/arm-none-eabi/10.3.1/../../../../arm-none-eabi/lib/thumb/v7e-m+fp/hard\libc_nano.a(lib_a-strcmp.o)
                0x00000000080001d0                strcmp
 .text          0x00000000080001e4       0x10 c:/software/stm32cubeide_1.11.0/stm32cubeide/plugins/com.st.stm32cube.ide.mcu.externaltools.gnu-tools-for-stm32.10.3-2021.10.win32_1.0.100.202210260954/tools/bin/../lib/gcc/arm-none-eabi/10.3.1/../../../../arm-none-eabi/lib/thumb/v7e-m+fp/hard\libc_nano.a(lib_a-strlen.o)
                0x00000000080001e4                strlen
 *fill*         0x00000000080001f4        0xc 
 .text          0x0000000008000200       0xa0 c:/software/stm32cubeide_1.11.0/stm32cubeide/plugins/com.st.stm32cube.ide.mcu.externaltools.gnu-tools-for-stm32.10.3-2021.10.win32_1.0.100.202210260954/tools/bin/../lib/gcc/arm-none-eabi/10.3.1/../../../../arm-none-eabi/lib/thumb/v7e-m+fp/hard\libc_nano.a(lib_a-memchr.o)
                0x0000000008000200                memchr
 .text          0x00000000080002a0      0x378 c:/software/stm32cubeide_1.11.0/stm32cubeide/plugins/com.st.stm32cube.ide.mcu.externaltools.gnu-tools-for-stm32.10.3-2021.10.win32_1.0.100.202210260954/tools/bin/../lib/gcc/arm-none-eabi/10.3.1/thumb/v7e-m+fp/hard\libgcc.a(_arm_addsubdf3.o)
                0x00000000080002a0                __aeabi_drsub
                0x00000000080002a8                __aeabi_dsub
                0x00000000080002a8                __subdf3
                0x00000000080002ac                __aeabi_dadd
                0x00000000080002ac                __adddf3
                0x0000000008000524                __floatunsidf
                0x0000000008000524                __aeabi_ui2d
                0x0000000008000544                __floatsidf
                0x0000000008000544                __aeabi_i2d
                0x0000000008000568                __aeabi_f2d
                0x0000000008000568                __extendsfdf2
                0x00000000080005ac                __floatundidf
                0x00000000080005ac                __aeabi_ul2d
                0x00000000080005bc                __floatdidf
                0x00000000080005bc                __aeabi_l2d
 .text          0x0000000008000618      0x424 c:/software/stm32cubeide_1.11.0/stm32cubeide/plugins/com.st.stm32cube.ide.mcu.externaltools.gnu-tools-for-stm32.10.3-2021.10.win32_1.0.100.202210260954/tools/bin/../lib/gcc/arm-none-eabi/10.3.1/thumb/v7e-m+fp/hard\libgcc.a(_arm_muldivdf3.o)
                0x0000000008000618                __aeabi_dmul
                0x0000000008000618                __muldf3
                0x000000000800086c                __divdf3
                0x000000000800086c                __aeabi_ddiv
 .text          0x0000000008000a3c      0x110 c:/software/stm32cubeide_1.11.0/stm32cubeide/plugins/com.st.stm32cube.ide.mcu.externaltools.gnu-tools-for-stm32.10.3-2021.10.win32_1.0.100.202210260954/tools/bin/../lib/gcc/arm-none-eabi/10.3.1/thumb/v7e-m+fp/hard\libgcc.a(_arm_cmpdf2.o)
                0x0000000008000a3c                __gtdf2
                0x0000000008000a3c                __gedf2
                0x0000000008000a44                __ltdf2
                0x0000000008000a44                __ledf2
                0x0000000008000a4c                __nedf2
                0x0000000008000a4c                __eqdf2
                0x0000000008000a4c                __cmpdf2
                0x0000000008000ac8                __aeabi_cdrcmple
                0x0000000008000ad8                __aeabi_cdcmpeq
                0x0000000008000ad8                __aeabi_cdcmple
                0x0000000008000ae8                __aeabi_dcmpeq
                0x0000000008000afc                __aeabi_dcmplt
                0x0000000008000b10                __aeabi_dcmple
                0x0000000008000b24                __aeabi_dcmpge
                0x0000000008000b38                __aeabi_dcmpgt
 .text          0x0000000008000b4c       0x2c c:/software/stm32cubeide_1.11.0/stm32cubeide/plugins/com.st.stm32cube.ide.mcu.externaltools.gnu-tools-for-stm32.10.3-2021.10.win32_1.0.100.202210260954/tools/bin/../lib/gcc/arm-none-eabi/10.3.1/thumb/v7e-m+fp/hard\libgcc.a(_arm_unorddf2.o)
                0x0000000008000b4c                __unorddf2
                0x0000000008000b4c                __aeabi_dcmpun
 .text          0x0000000008000b78       0x50 c:/software/stm32cubeide_1.11.0/stm32cubeide/plugins/com.st.stm32cube.ide.mcu.externaltools.gnu-tools-for-stm32.10.3-2021.10.win32_1.0.100.202210260954/tools/bin/../lib/gcc/arm-none-eabi/10.3.1/thumb/v7e-m+fp/hard\libgcc.a(_arm_fixdfsi.o)
                0x0000000008000b78                __aeabi_d2iz
                0x0000000008000b78                __fixdfsi
 .text          0x0000000008000bc8       0x40 c:/software/stm32cubeide_1.11.0/stm32cubeide/plugins/com.st.stm32cube.ide.mcu.externaltools.gnu-tools-for-stm32.10.3-2021.10.win32_1.0.100.202210260954/tools/bin/../lib/gcc/arm-none-eabi/10.3.1/thumb/v7e-m+fp/hard\libgcc.a(_arm_fixunsdfsi.o)
                0x0000000008000bc8                __aeabi_d2uiz
                0x0000000008000bc8                __fixunsdfsi
 .text          0x0000000008000c08       0xa0 c:/software/stm32cubeide_1.11.0/stm32cubeide/plugins/com.st.stm32cube.ide.mcu.externaltools.gnu-tools-for-stm32.10.3-2021.10.win32_1.0.100.202210260954/tools/bin/../lib/gcc/arm-none-eabi/10.3.1/thumb/v7e-m+fp/hard\libgcc.a(_arm_truncdfsf2.o)
                0x0000000008000c08                __truncdfsf2
                0x0000000008000c08                __aeabi_d2f
 .text          0x0000000008000ca8       0x30 c:/software/stm32cubeide_1.11.0/stm32cubeide/plugins/com.st.stm32cube.ide.mcu.externaltools.gnu-tools-for-stm32.10.3-2021.10.win32_1.0.100.202210260954/tools/bin/../lib/gcc/arm-none-eabi/10.3.1/thumb/v7e-m+fp/hard\libgcc.a(_aeabi_uldivmod.o)
                0x0000000008000ca8                __aeabi_uldivmod
 .text          0x0000000008000cd8       0x30 c:/software/stm32cubeide_1.11.0/stm32cubeide/plugins/com.st.stm32cube.ide.mcu.externaltools.gnu-tools-for-stm32.10.3-2021.10.win32_1.0.100.202210260954/tools/bin/../lib/gcc/arm-none-eabi/10.3.1/thumb/v7e-m+fp/hard\libgcc.a(_fixdfdi.o)
                0x0000000008000cd8                __fixdfdi
                0x0000000008000cd8                __aeabi_d2lz
 .text          0x0000000008000d08       0x3c c:/software/stm32cubeide_1.11.0/stm32cubeide/plugins/com.st.stm32cube.ide.mcu.externaltools.gnu-tools-for-stm32.10.3-2021.10.win32_1.0.100.202210260954/tools/bin/../lib/gcc/arm-none-eabi/10.3.1/thumb/v7e-m+fp/hard\libgcc.a(_fixunsdfdi.o)
                0x0000000008000d08                __fixunsdfdi
                0x0000000008000d08                __aeabi_d2ulz
 .text          0x0000000008000d44      0x2d0 c:/software/stm32cubeide_1.11.0/stm32cubeide/plugins/com.st.stm32cube.ide.mcu.externaltools.gnu-tools-for-stm32.10.3-2021.10.win32_1.0.100.202210260954/tools/bin/../lib/gcc/arm-none-eabi/10.3.1/thumb/v7e-m+fp/hard\libgcc.a(_udivmoddi4.o)
                0x0000000008000d44                __udivmoddi4
 .text          0x0000000008001014        0x4 c:/software/stm32cubeide_1.11.0/stm32cubeide/plugins/com.st.stm32cube.ide.mcu.externaltools.gnu-tools-for-stm32.10.3-2021.10.win32_1.0.100.202210260954/tools/bin/../lib/gcc/arm-none-eabi/10.3.1/thumb/v7e-m+fp/hard\libgcc.a(_dvmd_tls.o)
                0x0000000008001014                __aeabi_idiv0
                0x0000000008001014                __aeabi_ldiv0
 *(.text*)
 .text.LoadApp  0x0000000008001018      0x10c ./CarOS/src/app/c_app.o
                0x0000000008001018                LoadApp
 .text.PrintLogcb
                0x0000000008001124       0x14 ./CarOS/src/app/c_builtinapp.o
                0x0000000008001124                PrintLogcb
 .text.PackageModecb
                0x0000000008001138       0x24 ./CarOS/src/app/c_builtinapp.o
                0x0000000008001138                PackageModecb
 .text.PackageTest
                0x000000000800115c       0x30 ./CarOS/src/app/c_builtinapp.o
                0x000000000800115c                PackageTest
 .text.Car_Init
                0x000000000800118c       0x92 ./CarOS/src/car/c_4wheel_mecanum.o
                0x000000000800118c                Car_Init
 *fill*         0x000000000800121e        0x2 
 .text.Car_AddWheel
                0x0000000008001220       0x98 ./CarOS/src/car/c_4wheel_mecanum.o
                0x0000000008001220                Car_AddWheel
 .text.Car_SetVelocity
                0x00000000080012b8       0xc8 ./CarOS/src/car/c_4wheel_mecanum.o
                0x00000000080012b8                Car_SetVelocity
 .text.Car_AdjustedVelocity
                0x0000000008001380      0x1de ./CarOS/src/car/c_4wheel_mecanum.o
                0x0000000008001380                Car_AdjustedVelocity
 .text.Car_VelocityControl
                0x000000000800155e       0x2c ./CarOS/src/car/c_4wheel_mecanum.o
                0x000000000800155e                Car_VelocityControl
 *fill*         0x000000000800158a        0x2 
 .text.SetVelocitycb
                0x000000000800158c      0x140 ./CarOS/src/car/c_4wheel_mecanum.o
                0x000000000800158c                SetVelocitycb
 .text.ShowPIDcb
                0x00000000080016cc      0x1d8 ./CarOS/src/car/c_4wheel_mecanum.o
                0x00000000080016cc                ShowPIDcb
 .text.SetMotorPIDcb
                0x00000000080018a4      0x288 ./CarOS/src/car/c_4wheel_mecanum.o
                0x00000000080018a4                SetMotorPIDcb
 *fill*         0x0000000008001b2c        0x4 
 .text.SetCarVelocitycb
                0x0000000008001b30       0xb0 ./CarOS/src/car/c_4wheel_mecanum.o
                0x0000000008001b30                SetCarVelocitycb
 .text.MotorPIDSelfAdjustcb
                0x0000000008001be0       0x14 ./CarOS/src/car/c_4wheel_mecanum.o
                0x0000000008001be0                MotorPIDSelfAdjustcb
 .text.CarKernelInit
                0x0000000008001bf4       0x10 ./CarOS/src/car/c_car.o
                0x0000000008001bf4                CarKernelInit
 .text.io_AddCmd
                0x0000000008001c04      0x1e8 ./CarOS/src/communication/c_command.o
                0x0000000008001c04                io_AddCmd
 .text.io_CmdProcess
                0x0000000008001dec      0x210 ./CarOS/src/communication/c_command.o
                0x0000000008001dec                io_CmdProcess
 .text._io_ScanWriteParamData
                0x0000000008001ffc      0x15c ./CarOS/src/communication/c_command.o
                0x0000000008001ffc                _io_ScanWriteParamData
 .text.io_CmdExecute
                0x0000000008002158       0x1c ./CarOS/src/communication/c_command.o
                0x0000000008002158                io_CmdExecute
 .text._io_GetParamSizeByStr
                0x0000000008002174       0x28 ./CarOS/src/communication/c_command.o
                0x0000000008002174                _io_GetParamSizeByStr
 .text._io_GetParamType
                0x000000000800219c      0x17c ./CarOS/src/communication/c_command.o
                0x000000000800219c                _io_GetParamType
 .text._io_GetParamSizeByTypeCode
                0x0000000008002318       0xc2 ./CarOS/src/communication/c_command.o
                0x0000000008002318                _io_GetParamSizeByTypeCode
 *fill*         0x00000000080023da        0x2 
 .text.cosioInit
                0x00000000080023dc       0xa0 ./CarOS/src/communication/c_io.o
                0x00000000080023dc                cosioInit
 .text.COS_printf
                0x000000000800247c       0x2c ./CarOS/src/communication/c_io.o
                0x000000000800247c                COS_printf
 .text.io_Init  0x00000000080024a8      0x1f8 ./CarOS/src/communication/c_io.o
                0x00000000080024a8                io_Init
 .text.io_Process
                0x00000000080026a0       0x50 ./CarOS/src/communication/c_io.o
                0x00000000080026a0                io_Process
 .text.io_CommandMode
                0x00000000080026f0       0x1e ./CarOS/src/communication/c_io.o
                0x00000000080026f0                io_CommandMode
 *fill*         0x000000000800270e        0x2 
 .text.io_DMAHandler
                0x0000000008002710       0x5c ./CarOS/src/communication/c_io.o
                0x0000000008002710                io_DMAHandler
 .text.io_OutputProcess
                0x000000000800276c       0x86 ./CarOS/src/communication/c_io.o
                0x000000000800276c                io_OutputProcess
 .text.io_InputProcess
                0x00000000080027f2       0xd6 ./CarOS/src/communication/c_io.o
                0x00000000080027f2                io_InputProcess
 .text.io_vprintf
                0x00000000080028c8       0xfc ./CarOS/src/communication/c_io.o
                0x00000000080028c8                io_vprintf
 .text.io_UartRxIntHandler
                0x00000000080029c4       0x7c ./CarOS/src/communication/c_io.o
                0x00000000080029c4                io_UartRxIntHandler
 .text.io_SendData
                0x0000000008002a40      0x124 ./CarOS/src/communication/c_io.o
                0x0000000008002a40                io_SendData
 .text._io_GetSpareOutBuf
                0x0000000008002b64       0x98 ./CarOS/src/communication/c_io.o
                0x0000000008002b64                _io_GetSpareOutBuf
 .text._io_ActivatedBufEmpty
                0x0000000008002bfc       0x2c ./CarOS/src/communication/c_io.o
                0x0000000008002bfc                _io_ActivatedBufEmpty
 .text._io_Transmit
                0x0000000008002c28       0x2c ./CarOS/src/communication/c_io.o
                0x0000000008002c28                _io_Transmit
 .text.io_InputBufWrite
                0x0000000008002c54       0x78 ./CarOS/src/communication/c_io.o
                0x0000000008002c54                io_InputBufWrite
 .text._io_InputBufWriteByte
                0x0000000008002ccc       0x3a ./CarOS/src/communication/c_io.o
                0x0000000008002ccc                _io_InputBufWriteByte
 .text.io_GetLine
                0x0000000008002d06       0xae ./CarOS/src/communication/c_io.o
                0x0000000008002d06                io_GetLine
 .text.io_GetData
                0x0000000008002db4       0x78 ./CarOS/src/communication/c_io.o
                0x0000000008002db4                io_GetData
 .text._io_GetByte
                0x0000000008002e2c       0x3e ./CarOS/src/communication/c_io.o
                0x0000000008002e2c                _io_GetByte
 .text.io_InputBufRemove
                0x0000000008002e6a       0x36 ./CarOS/src/communication/c_io.o
                0x0000000008002e6a                io_InputBufRemove
 .text.io_InputBufRemoveByte
                0x0000000008002ea0       0x2c ./CarOS/src/communication/c_io.o
                0x0000000008002ea0                io_InputBufRemoveByte
 .text.io_InputBufEmpty
                0x0000000008002ecc       0x32 ./CarOS/src/communication/c_io.o
                0x0000000008002ecc                io_InputBufEmpty
 .text.io_InputBufGetSize
                0x0000000008002efe       0x52 ./CarOS/src/communication/c_io.o
                0x0000000008002efe                io_InputBufGetSize
 .text._io_InputBufRetreatPointer
                0x0000000008002f50       0x34 ./CarOS/src/communication/c_io.o
 .text._io_InputBufAdvancePointer
                0x0000000008002f84       0x50 ./CarOS/src/communication/c_io.o
 .text.io_PackageMode
                0x0000000008002fd4       0xa8 ./CarOS/src/communication/c_pkgproc.o
                0x0000000008002fd4                io_PackageMode
 .text.io_PkgProcessorDeinit
                0x000000000800307c       0x32 ./CarOS/src/communication/c_pkgproc.o
                0x000000000800307c                io_PkgProcessorDeinit
 *fill*         0x00000000080030ae        0x2 
 .text.io_SetPkgParseFmt
                0x00000000080030b0       0x74 ./CarOS/src/communication/c_pkgproc.o
                0x00000000080030b0                io_SetPkgParseFmt
 .text.io_PackageProcess
                0x0000000008003124       0x94 ./CarOS/src/communication/c_pkgproc.o
                0x0000000008003124                io_PackageProcess
 .text._io_GetRawData
                0x00000000080031b8      0x434 ./CarOS/src/communication/c_pkgproc.o
                0x00000000080031b8                _io_GetRawData
 .text.ExamPkgFmt
                0x00000000080035ec       0x6c ./CarOS/src/communication/c_pkgproc.o
                0x00000000080035ec                ExamPkgFmt
 .text.Chk_XOR  0x0000000008003658       0x44 ./CarOS/src/communication/c_pkgproc.o
                0x0000000008003658                Chk_XOR
 .text.COS_DebugInit
                0x000000000800369c       0x1c ./CarOS/src/debug/c_debug.o
                0x000000000800369c                COS_DebugInit
 .text._Log_Write
                0x00000000080036b8       0xe4 ./CarOS/src/debug/c_debug.o
                0x00000000080036b8                _Log_Write
 .text.Log_Filter
                0x000000000800379c       0x50 ./CarOS/src/debug/c_debug.o
 .text.CutFileName
                0x00000000080037ec       0x38 ./CarOS/src/debug/c_debug.o
 .text.COS_PrintLog
                0x0000000008003824       0x2c ./CarOS/src/debug/c_debug.o
                0x0000000008003824                COS_PrintLog
 .text.Log_PrintNode
                0x0000000008003850       0x4c ./CarOS/src/debug/c_debug.o
 .text.__memset
                0x000000000800389c       0x36 ./CarOS/src/memory/c_memory.o
                0x000000000800389c                __memset
 *fill*         0x00000000080038d2        0x2 
 .text.Mem_Init
                0x00000000080038d4       0x34 ./CarOS/src/memory/c_memory.o
                0x00000000080038d4                Mem_Init
 .text.Mem_GetUsedRate
                0x0000000008003908       0x58 ./CarOS/src/memory/c_memory.o
                0x0000000008003908                Mem_GetUsedRate
 .text.__malloc
                0x0000000008003960       0xc8 ./CarOS/src/memory/c_memory.o
                0x0000000008003960                __malloc
 .text.__free   0x0000000008003a28       0x74 ./CarOS/src/memory/c_memory.o
                0x0000000008003a28                __free
 .text.cos_free
                0x0000000008003a9c       0x2c ./CarOS/src/memory/c_memory.o
                0x0000000008003a9c                cos_free
 .text.cos_malloc
                0x0000000008003ac8       0x34 ./CarOS/src/memory/c_memory.o
                0x0000000008003ac8                cos_malloc
 .text.DCMotor_Init
                0x0000000008003afc       0xfc ./CarOS/src/motor/DCmotor/c_DCmotor.o
                0x0000000008003afc                DCMotor_Init
 .text.DCMotor_SetVelocity
                0x0000000008003bf8       0xac ./CarOS/src/motor/DCmotor/c_DCmotor.o
                0x0000000008003bf8                DCMotor_SetVelocity
 .text.DCMotor_AdjustVelocity
                0x0000000008003ca4       0x6a ./CarOS/src/motor/DCmotor/c_DCmotor.o
                0x0000000008003ca4                DCMotor_AdjustVelocity
 *fill*         0x0000000008003d0e        0x2 
 .text.DCMotorVelocityControl
                0x0000000008003d10      0x114 ./CarOS/src/motor/DCmotor/c_DCmotor.o
 .text.DCMotor_AddPID
                0x0000000008003e24       0x94 ./CarOS/src/motor/DCmotor/c_DCmotor.o
                0x0000000008003e24                DCMotor_AddPID
 .text.DCMotor_AddEncoder
                0x0000000008003eb8       0xb4 ./CarOS/src/motor/DCmotor/c_DCmotor.o
                0x0000000008003eb8                DCMotor_AddEncoder
 .text.PID_Init
                0x0000000008003f6c       0xd4 ./CarOS/src/motor/DCmotor/controller/c_controller.o
                0x0000000008003f6c                PID_Init
 .text.PID_Update
                0x0000000008004040       0xac ./CarOS/src/motor/DCmotor/controller/c_controller.o
                0x0000000008004040                PID_Update
 .text.PID_GetOutVal
                0x00000000080040ec       0x1e ./CarOS/src/motor/DCmotor/controller/c_controller.o
                0x00000000080040ec                PID_GetOutVal
 *fill*         0x000000000800410a        0x2 
 .text.DCMotor_AddL298N
                0x000000000800410c       0xac ./CarOS/src/motor/DCmotor/driver/DCMotor_driver.o
                0x000000000800410c                DCMotor_AddL298N
 .text.L298N_Init
                0x00000000080041b8       0x50 ./CarOS/src/motor/DCmotor/driver/L298N/L298N_Driver.o
                0x00000000080041b8                L298N_Init
 .text.L298N_SetMotorVelocity
                0x0000000008004208      0x132 ./CarOS/src/motor/DCmotor/driver/L298N/L298N_Driver.o
                0x0000000008004208                L298N_SetMotorVelocity
 .text.L298N_SetRotateForward
                0x000000000800433a       0x30 ./CarOS/src/motor/DCmotor/driver/L298N/L298N_Driver.o
 .text.L298N_SetRotateBackward
                0x000000000800436a       0x30 ./CarOS/src/motor/DCmotor/driver/L298N/L298N_Driver.o
 .text.L298N_StopMotor
                0x000000000800439a       0x30 ./CarOS/src/motor/DCmotor/driver/L298N/L298N_Driver.o
 .text.EncoderInit
                0x00000000080043ca       0x3e ./CarOS/src/motor/encoder/c_encoder.o
                0x00000000080043ca                EncoderInit
 .text.EncoderUpdate
                0x0000000008004408       0x2c ./CarOS/src/motor/encoder/c_encoder.o
                0x0000000008004408                EncoderUpdate
 .text.MX_DMA_Init
                0x0000000008004434       0x40 ./Core/Src/dma.o
                0x0000000008004434                MX_DMA_Init
 .text.vApplicationGetIdleTaskMemory
                0x0000000008004474       0x34 ./Core/Src/freertos.o
                0x0000000008004474                vApplicationGetIdleTaskMemory
 .text.MX_FREERTOS_Init
                0x00000000080044a8       0x94 ./Core/Src/freertos.o
                0x00000000080044a8                MX_FREERTOS_Init
 .text.StartDefaultTask
                0x000000000800453c       0x12 ./Core/Src/freertos.o
                0x000000000800453c                StartDefaultTask
 *fill*         0x000000000800454e        0x2 
 .text.AdjustSpeed
                0x0000000008004550       0x2c ./Core/Src/freertos.o
                0x0000000008004550                AdjustSpeed
 .text.CarOS_ioProcess
                0x000000000800457c       0x14 ./Core/Src/freertos.o
                0x000000000800457c                CarOS_ioProcess
 .text.MX_GPIO_Init
                0x0000000008004590      0x140 ./Core/Src/gpio.o
                0x0000000008004590                MX_GPIO_Init
 .text.main     0x00000000080046d0      0x1e4 ./Core/Src/main.o
                0x00000000080046d0                main
 .text.SystemClock_Config
                0x00000000080048b4       0xd4 ./Core/Src/main.o
                0x00000000080048b4                SystemClock_Config
 .text.Error_Handler
                0x0000000008004988        0xa ./Core/Src/main.o
                0x0000000008004988                Error_Handler
 *fill*         0x0000000008004992        0x2 
 .text.HAL_MspInit
                0x0000000008004994       0x58 ./Core/Src/stm32f4xx_hal_msp.o
                0x0000000008004994                HAL_MspInit
 .text.NMI_Handler
                0x00000000080049ec        0x6 ./Core/Src/stm32f4xx_it.o
                0x00000000080049ec                NMI_Handler
 *fill*         0x00000000080049f2        0x2 
 .text.HardFault_Handler
                0x00000000080049f4       0x1c ./Core/Src/stm32f4xx_it.o
                0x00000000080049f4                HardFault_Handler
 .text.MemManage_Handler
                0x0000000008004a10        0x6 ./Core/Src/stm32f4xx_it.o
                0x0000000008004a10                MemManage_Handler
 .text.BusFault_Handler
                0x0000000008004a16        0x6 ./Core/Src/stm32f4xx_it.o
                0x0000000008004a16                BusFault_Handler
 .text.UsageFault_Handler
                0x0000000008004a1c        0x6 ./Core/Src/stm32f4xx_it.o
                0x0000000008004a1c                UsageFault_Handler
 .text.DebugMon_Handler
                0x0000000008004a22        0xe ./Core/Src/stm32f4xx_it.o
                0x0000000008004a22                DebugMon_Handler
 .text.SysTick_Handler
                0x0000000008004a30       0x1a ./Core/Src/stm32f4xx_it.o
                0x0000000008004a30                SysTick_Handler
 *fill*         0x0000000008004a4a        0x2 
 .text.USART1_IRQHandler
                0x0000000008004a4c       0x18 ./Core/Src/stm32f4xx_it.o
                0x0000000008004a4c                USART1_IRQHandler
 .text.DMA2_Stream7_IRQHandler
                0x0000000008004a64       0x1c ./Core/Src/stm32f4xx_it.o
                0x0000000008004a64                DMA2_Stream7_IRQHandler
 .text._getpid  0x0000000008004a80       0x10 ./Core/Src/syscalls.o
                0x0000000008004a80                _getpid
 .text._kill    0x0000000008004a90       0x20 ./Core/Src/syscalls.o
                0x0000000008004a90                _kill
 .text._exit    0x0000000008004ab0       0x14 ./Core/Src/syscalls.o
                0x0000000008004ab0                _exit
 .text._read    0x0000000008004ac4       0x3a ./Core/Src/syscalls.o
                0x0000000008004ac4                _read
 .text._write   0x0000000008004afe       0x38 ./Core/Src/syscalls.o
                0x0000000008004afe                _write
 .text._close   0x0000000008004b36       0x18 ./Core/Src/syscalls.o
                0x0000000008004b36                _close
 .text._fstat   0x0000000008004b4e       0x20 ./Core/Src/syscalls.o
                0x0000000008004b4e                _fstat
 .text._isatty  0x0000000008004b6e       0x16 ./Core/Src/syscalls.o
                0x0000000008004b6e                _isatty
 .text._lseek   0x0000000008004b84       0x1a ./Core/Src/syscalls.o
                0x0000000008004b84                _lseek
 *fill*         0x0000000008004b9e        0x2 
 .text._sbrk    0x0000000008004ba0       0x6c ./Core/Src/sysmem.o
                0x0000000008004ba0                _sbrk
 .text.SystemInit
                0x0000000008004c0c       0x24 ./Core/Src/system_stm32f4xx.o
                0x0000000008004c0c                SystemInit
 .text.MX_TIM1_Init
                0x0000000008004c30      0x150 ./Core/Src/tim.o
                0x0000000008004c30                MX_TIM1_Init
 .text.MX_TIM2_Init
                0x0000000008004d80       0xa8 ./Core/Src/tim.o
                0x0000000008004d80                MX_TIM2_Init
 .text.MX_TIM3_Init
                0x0000000008004e28       0xa8 ./Core/Src/tim.o
                0x0000000008004e28                MX_TIM3_Init
 .text.MX_TIM4_Init
                0x0000000008004ed0       0xa8 ./Core/Src/tim.o
                0x0000000008004ed0                MX_TIM4_Init
 .text.MX_TIM5_Init
                0x0000000008004f78       0xa8 ./Core/Src/tim.o
                0x0000000008004f78                MX_TIM5_Init
 .text.HAL_TIM_PWM_MspInit
                0x0000000008005020       0x44 ./Core/Src/tim.o
                0x0000000008005020                HAL_TIM_PWM_MspInit
 .text.HAL_TIM_Encoder_MspInit
                0x0000000008005064      0x208 ./Core/Src/tim.o
                0x0000000008005064                HAL_TIM_Encoder_MspInit
 .text.HAL_TIM_MspPostInit
                0x000000000800526c       0x74 ./Core/Src/tim.o
                0x000000000800526c                HAL_TIM_MspPostInit
 .text.MX_USART1_UART_Init
                0x00000000080052e0       0x54 ./Core/Src/usart.o
                0x00000000080052e0                MX_USART1_UART_Init
 .text.HAL_UART_MspInit
                0x0000000008005334      0x104 ./Core/Src/usart.o
                0x0000000008005334                HAL_UART_MspInit
 .text.Reset_Handler
                0x0000000008005438       0x50 ./Core/Startup/startup_stm32f407zgtx.o
                0x0000000008005438                Reset_Handler
 .text.Default_Handler
                0x0000000008005488        0x2 ./Core/Startup/startup_stm32f407zgtx.o
                0x0000000008005488                RTC_Alarm_IRQHandler
                0x0000000008005488                HASH_RNG_IRQHandler
                0x0000000008005488                EXTI2_IRQHandler
                0x0000000008005488                TIM8_CC_IRQHandler
                0x0000000008005488                TIM1_CC_IRQHandler
                0x0000000008005488                DMA2_Stream5_IRQHandler
                0x0000000008005488                DMA1_Stream5_IRQHandler
                0x0000000008005488                PVD_IRQHandler
                0x0000000008005488                SDIO_IRQHandler
                0x0000000008005488                TAMP_STAMP_IRQHandler
                0x0000000008005488                CAN2_RX1_IRQHandler
                0x0000000008005488                EXTI3_IRQHandler
                0x0000000008005488                TIM8_TRG_COM_TIM14_IRQHandler
                0x0000000008005488                TIM1_UP_TIM10_IRQHandler
                0x0000000008005488                TIM8_UP_TIM13_IRQHandler
                0x0000000008005488                I2C3_ER_IRQHandler
                0x0000000008005488                EXTI0_IRQHandler
                0x0000000008005488                I2C2_EV_IRQHandler
                0x0000000008005488                DMA1_Stream2_IRQHandler
                0x0000000008005488                CAN1_RX0_IRQHandler
                0x0000000008005488                FPU_IRQHandler
                0x0000000008005488                OTG_HS_WKUP_IRQHandler
                0x0000000008005488                CAN2_SCE_IRQHandler
                0x0000000008005488                DMA2_Stream2_IRQHandler
                0x0000000008005488                SPI1_IRQHandler
                0x0000000008005488                TIM6_DAC_IRQHandler
                0x0000000008005488                TIM1_BRK_TIM9_IRQHandler
                0x0000000008005488                DCMI_IRQHandler
                0x0000000008005488                CAN2_RX0_IRQHandler
                0x0000000008005488                DMA2_Stream3_IRQHandler
                0x0000000008005488                USART6_IRQHandler
                0x0000000008005488                USART3_IRQHandler
                0x0000000008005488                CAN1_RX1_IRQHandler
                0x0000000008005488                UART5_IRQHandler
                0x0000000008005488                DMA2_Stream0_IRQHandler
                0x0000000008005488                TIM4_IRQHandler
                0x0000000008005488                I2C1_EV_IRQHandler
                0x0000000008005488                DMA1_Stream6_IRQHandler
                0x0000000008005488                DMA1_Stream1_IRQHandler
                0x0000000008005488                UART4_IRQHandler
                0x0000000008005488                TIM3_IRQHandler
                0x0000000008005488                RCC_IRQHandler
                0x0000000008005488                TIM8_BRK_TIM12_IRQHandler
                0x0000000008005488                Default_Handler
                0x0000000008005488                EXTI15_10_IRQHandler
                0x0000000008005488                ADC_IRQHandler
                0x0000000008005488                DMA1_Stream7_IRQHandler
                0x0000000008005488                TIM7_IRQHandler
                0x0000000008005488                CAN2_TX_IRQHandler
                0x0000000008005488                TIM5_IRQHandler
                0x0000000008005488                I2C3_EV_IRQHandler
                0x0000000008005488                EXTI9_5_IRQHandler
                0x0000000008005488                RTC_WKUP_IRQHandler
                0x0000000008005488                ETH_WKUP_IRQHandler
                0x0000000008005488                SPI2_IRQHandler
                0x0000000008005488                OTG_HS_EP1_IN_IRQHandler
                0x0000000008005488                DMA1_Stream0_IRQHandler
                0x0000000008005488                CAN1_TX_IRQHandler
                0x0000000008005488                EXTI4_IRQHandler
                0x0000000008005488                FSMC_IRQHandler
                0x0000000008005488                ETH_IRQHandler
                0x0000000008005488                OTG_HS_EP1_OUT_IRQHandler
                0x0000000008005488                WWDG_IRQHandler
                0x0000000008005488                TIM2_IRQHandler
                0x0000000008005488                OTG_FS_WKUP_IRQHandler
                0x0000000008005488                TIM1_TRG_COM_TIM11_IRQHandler
                0x0000000008005488                OTG_HS_IRQHandler
                0x0000000008005488                EXTI1_IRQHandler
                0x0000000008005488                USART2_IRQHandler
                0x0000000008005488                I2C2_ER_IRQHandler
                0x0000000008005488                DMA2_Stream1_IRQHandler
                0x0000000008005488                CAN1_SCE_IRQHandler
                0x0000000008005488                FLASH_IRQHandler
                0x0000000008005488                DMA2_Stream4_IRQHandler
                0x0000000008005488                OTG_FS_IRQHandler
                0x0000000008005488                SPI3_IRQHandler
                0x0000000008005488                DMA1_Stream4_IRQHandler
                0x0000000008005488                I2C1_ER_IRQHandler
                0x0000000008005488                DMA2_Stream6_IRQHandler
                0x0000000008005488                DMA1_Stream3_IRQHandler
 *fill*         0x000000000800548a        0x2 
 .text.HAL_Init
                0x000000000800548c       0x44 ./Drivers/STM32F4xx_HAL_Driver/Src/stm32f4xx_hal.o
                0x000000000800548c                HAL_Init
 .text.HAL_InitTick
                0x00000000080054d0       0x60 ./Drivers/STM32F4xx_HAL_Driver/Src/stm32f4xx_hal.o
                0x00000000080054d0                HAL_InitTick
 .text.HAL_IncTick
                0x0000000008005530       0x28 ./Drivers/STM32F4xx_HAL_Driver/Src/stm32f4xx_hal.o
                0x0000000008005530                HAL_IncTick
 .text.HAL_GetTick
                0x0000000008005558       0x18 ./Drivers/STM32F4xx_HAL_Driver/Src/stm32f4xx_hal.o
                0x0000000008005558                HAL_GetTick
 .text.__NVIC_SetPriorityGrouping
                0x0000000008005570       0x48 ./Drivers/STM32F4xx_HAL_Driver/Src/stm32f4xx_hal_cortex.o
 .text.__NVIC_GetPriorityGrouping
                0x00000000080055b8       0x1c ./Drivers/STM32F4xx_HAL_Driver/Src/stm32f4xx_hal_cortex.o
 .text.__NVIC_EnableIRQ
                0x00000000080055d4       0x3c ./Drivers/STM32F4xx_HAL_Driver/Src/stm32f4xx_hal_cortex.o
 .text.__NVIC_SetPriority
                0x0000000008005610       0x54 ./Drivers/STM32F4xx_HAL_Driver/Src/stm32f4xx_hal_cortex.o
 .text.NVIC_EncodePriority
                0x0000000008005664       0x66 ./Drivers/STM32F4xx_HAL_Driver/Src/stm32f4xx_hal_cortex.o
 *fill*         0x00000000080056ca        0x2 
 .text.SysTick_Config
                0x00000000080056cc       0x44 ./Drivers/STM32F4xx_HAL_Driver/Src/stm32f4xx_hal_cortex.o
 .text.HAL_NVIC_SetPriorityGrouping
                0x0000000008005710       0x16 ./Drivers/STM32F4xx_HAL_Driver/Src/stm32f4xx_hal_cortex.o
                0x0000000008005710                HAL_NVIC_SetPriorityGrouping
 .text.HAL_NVIC_SetPriority
                0x0000000008005726       0x38 ./Drivers/STM32F4xx_HAL_Driver/Src/stm32f4xx_hal_cortex.o
                0x0000000008005726                HAL_NVIC_SetPriority
 .text.HAL_NVIC_EnableIRQ
                0x000000000800575e       0x1c ./Drivers/STM32F4xx_HAL_Driver/Src/stm32f4xx_hal_cortex.o
                0x000000000800575e                HAL_NVIC_EnableIRQ
 .text.HAL_SYSTICK_Config
                0x000000000800577a       0x18 ./Drivers/STM32F4xx_HAL_Driver/Src/stm32f4xx_hal_cortex.o
                0x000000000800577a                HAL_SYSTICK_Config
 *fill*         0x0000000008005792        0x2 
 .text.HAL_DMA_Init
                0x0000000008005794      0x15c ./Drivers/STM32F4xx_HAL_Driver/Src/stm32f4xx_hal_dma.o
                0x0000000008005794                HAL_DMA_Init
 .text.HAL_DMA_Abort
                0x00000000080058f0       0xe0 ./Drivers/STM32F4xx_HAL_Driver/Src/stm32f4xx_hal_dma.o
                0x00000000080058f0                HAL_DMA_Abort
 .text.HAL_DMA_Abort_IT
                0x00000000080059d0       0x44 ./Drivers/STM32F4xx_HAL_Driver/Src/stm32f4xx_hal_dma.o
                0x00000000080059d0                HAL_DMA_Abort_IT
 .text.HAL_DMA_IRQHandler
                0x0000000008005a14      0x314 ./Drivers/STM32F4xx_HAL_Driver/Src/stm32f4xx_hal_dma.o
                0x0000000008005a14                HAL_DMA_IRQHandler
 .text.DMA_CalcBaseAndBitshift
                0x0000000008005d28       0x6c ./Drivers/STM32F4xx_HAL_Driver/Src/stm32f4xx_hal_dma.o
 .text.DMA_CheckFifoParam
                0x0000000008005d94       0xf8 ./Drivers/STM32F4xx_HAL_Driver/Src/stm32f4xx_hal_dma.o
 .text.HAL_GPIO_Init
                0x0000000008005e8c      0x338 ./Drivers/STM32F4xx_HAL_Driver/Src/stm32f4xx_hal_gpio.o
                0x0000000008005e8c                HAL_GPIO_Init
 .text.HAL_GPIO_WritePin
                0x00000000080061c4       0x32 ./Drivers/STM32F4xx_HAL_Driver/Src/stm32f4xx_hal_gpio.o
                0x00000000080061c4                HAL_GPIO_WritePin
 *fill*         0x00000000080061f6        0x2 
 .text.HAL_RCC_OscConfig
                0x00000000080061f8      0x4f0 ./Drivers/STM32F4xx_HAL_Driver/Src/stm32f4xx_hal_rcc.o
                0x00000000080061f8                HAL_RCC_OscConfig
 .text.HAL_RCC_ClockConfig
                0x00000000080066e8      0x1cc ./Drivers/STM32F4xx_HAL_Driver/Src/stm32f4xx_hal_rcc.o
                0x00000000080066e8                HAL_RCC_ClockConfig
 .text.HAL_RCC_GetSysClockFreq
                0x00000000080068b4      0x20c ./Drivers/STM32F4xx_HAL_Driver/Src/stm32f4xx_hal_rcc.o
                0x00000000080068b4                HAL_RCC_GetSysClockFreq
 .text.HAL_RCC_GetHCLKFreq
                0x0000000008006ac0       0x18 ./Drivers/STM32F4xx_HAL_Driver/Src/stm32f4xx_hal_rcc.o
                0x0000000008006ac0                HAL_RCC_GetHCLKFreq
 .text.HAL_RCC_GetPCLK1Freq
                0x0000000008006ad8       0x28 ./Drivers/STM32F4xx_HAL_Driver/Src/stm32f4xx_hal_rcc.o
                0x0000000008006ad8                HAL_RCC_GetPCLK1Freq
 .text.HAL_RCC_GetPCLK2Freq
                0x0000000008006b00       0x28 ./Drivers/STM32F4xx_HAL_Driver/Src/stm32f4xx_hal_rcc.o
                0x0000000008006b00                HAL_RCC_GetPCLK2Freq
 .text.HAL_TIM_PWM_Init
                0x0000000008006b28       0x9e ./Drivers/STM32F4xx_HAL_Driver/Src/stm32f4xx_hal_tim.o
                0x0000000008006b28                HAL_TIM_PWM_Init
 *fill*         0x0000000008006bc6        0x2 
 .text.HAL_TIM_PWM_Start
                0x0000000008006bc8      0x190 ./Drivers/STM32F4xx_HAL_Driver/Src/stm32f4xx_hal_tim.o
                0x0000000008006bc8                HAL_TIM_PWM_Start
 .text.HAL_TIM_Encoder_Init
                0x0000000008006d58      0x14c ./Drivers/STM32F4xx_HAL_Driver/Src/stm32f4xx_hal_tim.o
                0x0000000008006d58                HAL_TIM_Encoder_Init
 .text.HAL_TIM_Encoder_Start
                0x0000000008006ea4      0x11c ./Drivers/STM32F4xx_HAL_Driver/Src/stm32f4xx_hal_tim.o
                0x0000000008006ea4                HAL_TIM_Encoder_Start
 .text.HAL_TIM_PWM_ConfigChannel
                0x0000000008006fc0      0x184 ./Drivers/STM32F4xx_HAL_Driver/Src/stm32f4xx_hal_tim.o
                0x0000000008006fc0                HAL_TIM_PWM_ConfigChannel
 .text.TIM_Base_SetConfig
                0x0000000008007144      0x140 ./Drivers/STM32F4xx_HAL_Driver/Src/stm32f4xx_hal_tim.o
                0x0000000008007144                TIM_Base_SetConfig
 .text.TIM_OC1_SetConfig
                0x0000000008007284       0xe0 ./Drivers/STM32F4xx_HAL_Driver/Src/stm32f4xx_hal_tim.o
 .text.TIM_OC2_SetConfig
                0x0000000008007364       0xec ./Drivers/STM32F4xx_HAL_Driver/Src/stm32f4xx_hal_tim.o
                0x0000000008007364                TIM_OC2_SetConfig
 .text.TIM_OC3_SetConfig
                0x0000000008007450       0xe8 ./Drivers/STM32F4xx_HAL_Driver/Src/stm32f4xx_hal_tim.o
 .text.TIM_OC4_SetConfig
                0x0000000008007538       0xac ./Drivers/STM32F4xx_HAL_Driver/Src/stm32f4xx_hal_tim.o
 .text.TIM_CCxChannelCmd
                0x00000000080075e4       0x4a ./Drivers/STM32F4xx_HAL_Driver/Src/stm32f4xx_hal_tim.o
                0x00000000080075e4                TIM_CCxChannelCmd
 *fill*         0x000000000800762e        0x2 
 .text.HAL_TIMEx_MasterConfigSynchronization
                0x0000000008007630       0xf8 ./Drivers/STM32F4xx_HAL_Driver/Src/stm32f4xx_hal_tim_ex.o
                0x0000000008007630                HAL_TIMEx_MasterConfigSynchronization
 .text.HAL_TIMEx_ConfigBreakDeadTime
                0x0000000008007728       0xa4 ./Drivers/STM32F4xx_HAL_Driver/Src/stm32f4xx_hal_tim_ex.o
                0x0000000008007728                HAL_TIMEx_ConfigBreakDeadTime
 .text.HAL_UART_Init
                0x00000000080077cc       0x9a ./Drivers/STM32F4xx_HAL_Driver/Src/stm32f4xx_hal_uart.o
                0x00000000080077cc                HAL_UART_Init
 .text.HAL_UART_Transmit
                0x0000000008007866      0x124 ./Drivers/STM32F4xx_HAL_Driver/Src/stm32f4xx_hal_uart.o
                0x0000000008007866                HAL_UART_Transmit
 *fill*         0x000000000800798a        0x2 
 .text.HAL_UART_IRQHandler
                0x000000000800798c      0x51c ./Drivers/STM32F4xx_HAL_Driver/Src/stm32f4xx_hal_uart.o
                0x000000000800798c                HAL_UART_IRQHandler
 .text.HAL_UART_TxCpltCallback
                0x0000000008007ea8       0x14 ./Drivers/STM32F4xx_HAL_Driver/Src/stm32f4xx_hal_uart.o
                0x0000000008007ea8                HAL_UART_TxCpltCallback
 .text.HAL_UART_RxCpltCallback
                0x0000000008007ebc       0x14 ./Drivers/STM32F4xx_HAL_Driver/Src/stm32f4xx_hal_uart.o
                0x0000000008007ebc                HAL_UART_RxCpltCallback
 .text.HAL_UART_ErrorCallback
                0x0000000008007ed0       0x14 ./Drivers/STM32F4xx_HAL_Driver/Src/stm32f4xx_hal_uart.o
                0x0000000008007ed0                HAL_UART_ErrorCallback
 .text.HAL_UARTEx_RxEventCallback
                0x0000000008007ee4       0x18 ./Drivers/STM32F4xx_HAL_Driver/Src/stm32f4xx_hal_uart.o
                0x0000000008007ee4                HAL_UARTEx_RxEventCallback
 .text.UART_WaitOnFlagUntilTimeout
                0x0000000008007efc       0xdc ./Drivers/STM32F4xx_HAL_Driver/Src/stm32f4xx_hal_uart.o
 .text.UART_EndRxTransfer
                0x0000000008007fd8       0xc6 ./Drivers/STM32F4xx_HAL_Driver/Src/stm32f4xx_hal_uart.o
 .text.UART_DMAAbortOnError
                0x000000000800809e       0x28 ./Drivers/STM32F4xx_HAL_Driver/Src/stm32f4xx_hal_uart.o
 .text.UART_Transmit_IT
                0x00000000080080c6       0xa0 ./Drivers/STM32F4xx_HAL_Driver/Src/stm32f4xx_hal_uart.o
 .text.UART_EndTransmit_IT
                0x0000000008008166       0x30 ./Drivers/STM32F4xx_HAL_Driver/Src/stm32f4xx_hal_uart.o
 .text.UART_Receive_IT
                0x0000000008008196      0x176 ./Drivers/STM32F4xx_HAL_Driver/Src/stm32f4xx_hal_uart.o
 .text.UART_SetConfig
                0x000000000800830c      0x4e8 ./Drivers/STM32F4xx_HAL_Driver/Src/stm32f4xx_hal_uart.o
 .text.makeFreeRtosPriority
                0x00000000080087f4       0x30 ./Middlewares/Third_Party/FreeRTOS/Source/CMSIS_RTOS/cmsis_os.o
 .text.osKernelStart
                0x0000000008008824        0xe ./Middlewares/Third_Party/FreeRTOS/Source/CMSIS_RTOS/cmsis_os.o
                0x0000000008008824                osKernelStart
 .text.osThreadCreate
                0x0000000008008832       0x98 ./Middlewares/Third_Party/FreeRTOS/Source/CMSIS_RTOS/cmsis_os.o
                0x0000000008008832                osThreadCreate
 .text.osDelay  0x00000000080088ca       0x28 ./Middlewares/Third_Party/FreeRTOS/Source/CMSIS_RTOS/cmsis_os.o
                0x00000000080088ca                osDelay
 .text.vListInitialise
                0x00000000080088f2       0x40 ./Middlewares/Third_Party/FreeRTOS/Source/list.o
                0x00000000080088f2                vListInitialise
 .text.vListInitialiseItem
                0x0000000008008932       0x1a ./Middlewares/Third_Party/FreeRTOS/Source/list.o
                0x0000000008008932                vListInitialiseItem
 .text.vListInsertEnd
                0x000000000800894c       0x48 ./Middlewares/Third_Party/FreeRTOS/Source/list.o
                0x000000000800894c                vListInsertEnd
 .text.vListInsert
                0x0000000008008994       0x72 ./Middlewares/Third_Party/FreeRTOS/Source/list.o
                0x0000000008008994                vListInsert
 .text.uxListRemove
                0x0000000008008a06       0x54 ./Middlewares/Third_Party/FreeRTOS/Source/list.o
                0x0000000008008a06                uxListRemove
 .text.xTaskCreateStatic
                0x0000000008008a5a       0xba ./Middlewares/Third_Party/FreeRTOS/Source/tasks.o
                0x0000000008008a5a                xTaskCreateStatic
 .text.xTaskCreate
                0x0000000008008b14       0x8a ./Middlewares/Third_Party/FreeRTOS/Source/tasks.o
                0x0000000008008b14                xTaskCreate
 *fill*         0x0000000008008b9e        0x2 
 .text.prvInitialiseNewTask
                0x0000000008008ba0      0x13c ./Middlewares/Third_Party/FreeRTOS/Source/tasks.o
 .text.prvAddNewTaskToReadyList
                0x0000000008008cdc       0xd4 ./Middlewares/Third_Party/FreeRTOS/Source/tasks.o
 .text.vTaskDelayUntil
                0x0000000008008db0       0xfc ./Middlewares/Third_Party/FreeRTOS/Source/tasks.o
                0x0000000008008db0                vTaskDelayUntil
 .text.vTaskDelay
                0x0000000008008eac       0x68 ./Middlewares/Third_Party/FreeRTOS/Source/tasks.o
                0x0000000008008eac                vTaskDelay
 .text.vTaskStartScheduler
                0x0000000008008f14       0xd4 ./Middlewares/Third_Party/FreeRTOS/Source/tasks.o
                0x0000000008008f14                vTaskStartScheduler
 .text.vTaskSuspendAll
                0x0000000008008fe8       0x1c ./Middlewares/Third_Party/FreeRTOS/Source/tasks.o
                0x0000000008008fe8                vTaskSuspendAll
 .text.xTaskResumeAll
                0x0000000008009004      0x138 ./Middlewares/Third_Party/FreeRTOS/Source/tasks.o
                0x0000000008009004                xTaskResumeAll
 .text.xTaskGetTickCount
                0x000000000800913c       0x20 ./Middlewares/Third_Party/FreeRTOS/Source/tasks.o
                0x000000000800913c                xTaskGetTickCount
 .text.xTaskIncrementTick
                0x000000000800915c      0x170 ./Middlewares/Third_Party/FreeRTOS/Source/tasks.o
                0x000000000800915c                xTaskIncrementTick
 .text.vTaskSwitchContext
                0x00000000080092cc       0xc4 ./Middlewares/Third_Party/FreeRTOS/Source/tasks.o
                0x00000000080092cc                vTaskSwitchContext
 .text.prvIdleTask
                0x0000000008009390       0x30 ./Middlewares/Third_Party/FreeRTOS/Source/tasks.o
 .text.prvInitialiseTaskLists
                0x00000000080093c0       0x80 ./Middlewares/Third_Party/FreeRTOS/Source/tasks.o
 .text.prvCheckTasksWaitingTermination
                0x0000000008009440       0x5c ./Middlewares/Third_Party/FreeRTOS/Source/tasks.o
 .text.prvDeleteTCB
                0x000000000800949c       0x68 ./Middlewares/Third_Party/FreeRTOS/Source/tasks.o
 .text.prvResetNextTaskUnblockTime
                0x0000000008009504       0x40 ./Middlewares/Third_Party/FreeRTOS/Source/tasks.o
 .text.xTaskGetSchedulerState
                0x0000000008009544       0x3c ./Middlewares/Third_Party/FreeRTOS/Source/tasks.o
                0x0000000008009544                xTaskGetSchedulerState
 .text.prvAddCurrentTaskToDelayedList
                0x0000000008009580       0xcc ./Middlewares/Third_Party/FreeRTOS/Source/tasks.o
 .text.pxPortInitialiseStack
                0x000000000800964c       0x68 ./Middlewares/Third_Party/FreeRTOS/Source/portable/GCC/ARM_CM4F/port.o
                0x000000000800964c                pxPortInitialiseStack
 .text.prvTaskExitError
                0x00000000080096b4       0x58 ./Middlewares/Third_Party/FreeRTOS/Source/portable/GCC/ARM_CM4F/port.o
 *fill*         0x000000000800970c        0x4 
 .text.SVC_Handler
                0x0000000008009710       0x28 ./Middlewares/Third_Party/FreeRTOS/Source/portable/GCC/ARM_CM4F/port.o
                0x0000000008009710                SVC_Handler
 .text.prvPortStartFirstTask
                0x0000000008009738       0x28 ./Middlewares/Third_Party/FreeRTOS/Source/portable/GCC/ARM_CM4F/port.o
 .text.xPortStartScheduler
                0x0000000008009760      0x144 ./Middlewares/Third_Party/FreeRTOS/Source/portable/GCC/ARM_CM4F/port.o
                0x0000000008009760                xPortStartScheduler
 .text.vPortEnterCritical
                0x00000000080098a4       0x60 ./Middlewares/Third_Party/FreeRTOS/Source/portable/GCC/ARM_CM4F/port.o
                0x00000000080098a4                vPortEnterCritical
 .text.vPortExitCritical
                0x0000000008009904       0x54 ./Middlewares/Third_Party/FreeRTOS/Source/portable/GCC/ARM_CM4F/port.o
                0x0000000008009904                vPortExitCritical
 *fill*         0x0000000008009958        0x8 
 .text.PendSV_Handler
                0x0000000008009960       0x68 ./Middlewares/Third_Party/FreeRTOS/Source/portable/GCC/ARM_CM4F/port.o
                0x0000000008009960                PendSV_Handler
 .text.xPortSysTickHandler
                0x00000000080099c8       0x44 ./Middlewares/Third_Party/FreeRTOS/Source/portable/GCC/ARM_CM4F/port.o
                0x00000000080099c8                xPortSysTickHandler
 .text.vPortSetupTimerInterrupt
                0x0000000008009a0c       0x48 ./Middlewares/Third_Party/FreeRTOS/Source/portable/GCC/ARM_CM4F/port.o
                0x0000000008009a0c                vPortSetupTimerInterrupt
 .text.vPortEnableVFP
                0x0000000008009a54       0x14 ./Middlewares/Third_Party/FreeRTOS/Source/portable/GCC/ARM_CM4F/port.o
 .text.pvPortMalloc
                0x0000000008009a68      0x198 ./Middlewares/Third_Party/FreeRTOS/Source/portable/MemMang/heap_4.o
                0x0000000008009a68                pvPortMalloc
 .text.vPortFree
                0x0000000008009c00       0xc4 ./Middlewares/Third_Party/FreeRTOS/Source/portable/MemMang/heap_4.o
                0x0000000008009c00                vPortFree
 .text.prvHeapInit
                0x0000000008009cc4       0xc4 ./Middlewares/Third_Party/FreeRTOS/Source/portable/MemMang/heap_4.o
 .text.prvInsertBlockIntoFreeList
                0x0000000008009d88       0xb4 ./Middlewares/Third_Party/FreeRTOS/Source/portable/MemMang/heap_4.o
 .text.__errno  0x0000000008009e3c        0xc c:/software/stm32cubeide_1.11.0/stm32cubeide/plugins/com.st.stm32cube.ide.mcu.externaltools.gnu-tools-for-stm32.10.3-2021.10.win32_1.0.100.202210260954/tools/bin/../lib/gcc/arm-none-eabi/10.3.1/../../../../arm-none-eabi/lib/thumb/v7e-m+fp/hard\libc_nano.a(lib_a-errno.o)
                0x0000000008009e3c                __errno
 .text.std      0x0000000008009e48       0x48 c:/software/stm32cubeide_1.11.0/stm32cubeide/plugins/com.st.stm32cube.ide.mcu.externaltools.gnu-tools-for-stm32.10.3-2021.10.win32_1.0.100.202210260954/tools/bin/../lib/gcc/arm-none-eabi/10.3.1/../../../../arm-none-eabi/lib/thumb/v7e-m+fp/hard\libc_nano.a(lib_a-findfp.o)
 .text._cleanup_r
                0x0000000008009e90        0xc c:/software/stm32cubeide_1.11.0/stm32cubeide/plugins/com.st.stm32cube.ide.mcu.externaltools.gnu-tools-for-stm32.10.3-2021.10.win32_1.0.100.202210260954/tools/bin/../lib/gcc/arm-none-eabi/10.3.1/../../../../arm-none-eabi/lib/thumb/v7e-m+fp/hard\libc_nano.a(lib_a-findfp.o)
                0x0000000008009e90                _cleanup_r
 .text.__sfmoreglue
                0x0000000008009e9c       0x2c c:/software/stm32cubeide_1.11.0/stm32cubeide/plugins/com.st.stm32cube.ide.mcu.externaltools.gnu-tools-for-stm32.10.3-2021.10.win32_1.0.100.202210260954/tools/bin/../lib/gcc/arm-none-eabi/10.3.1/../../../../arm-none-eabi/lib/thumb/v7e-m+fp/hard\libc_nano.a(lib_a-findfp.o)
                0x0000000008009e9c                __sfmoreglue
 .text.__sfp_lock_acquire
                0x0000000008009ec8        0xc c:/software/stm32cubeide_1.11.0/stm32cubeide/plugins/com.st.stm32cube.ide.mcu.externaltools.gnu-tools-for-stm32.10.3-2021.10.win32_1.0.100.202210260954/tools/bin/../lib/gcc/arm-none-eabi/10.3.1/../../../../arm-none-eabi/lib/thumb/v7e-m+fp/hard\libc_nano.a(lib_a-findfp.o)
                0x0000000008009ec8                __sfp_lock_acquire
 .text.__sfp_lock_release
                0x0000000008009ed4        0xc c:/software/stm32cubeide_1.11.0/stm32cubeide/plugins/com.st.stm32cube.ide.mcu.externaltools.gnu-tools-for-stm32.10.3-2021.10.win32_1.0.100.202210260954/tools/bin/../lib/gcc/arm-none-eabi/10.3.1/../../../../arm-none-eabi/lib/thumb/v7e-m+fp/hard\libc_nano.a(lib_a-findfp.o)
                0x0000000008009ed4                __sfp_lock_release
 .text.__sinit_lock_acquire
                0x0000000008009ee0        0xc c:/software/stm32cubeide_1.11.0/stm32cubeide/plugins/com.st.stm32cube.ide.mcu.externaltools.gnu-tools-for-stm32.10.3-2021.10.win32_1.0.100.202210260954/tools/bin/../lib/gcc/arm-none-eabi/10.3.1/../../../../arm-none-eabi/lib/thumb/v7e-m+fp/hard\libc_nano.a(lib_a-findfp.o)
                0x0000000008009ee0                __sinit_lock_acquire
 .text.__sinit_lock_release
                0x0000000008009eec        0xc c:/software/stm32cubeide_1.11.0/stm32cubeide/plugins/com.st.stm32cube.ide.mcu.externaltools.gnu-tools-for-stm32.10.3-2021.10.win32_1.0.100.202210260954/tools/bin/../lib/gcc/arm-none-eabi/10.3.1/../../../../arm-none-eabi/lib/thumb/v7e-m+fp/hard\libc_nano.a(lib_a-findfp.o)
                0x0000000008009eec                __sinit_lock_release
 .text.__sinit  0x0000000008009ef8       0x70 c:/software/stm32cubeide_1.11.0/stm32cubeide/plugins/com.st.stm32cube.ide.mcu.externaltools.gnu-tools-for-stm32.10.3-2021.10.win32_1.0.100.202210260954/tools/bin/../lib/gcc/arm-none-eabi/10.3.1/../../../../arm-none-eabi/lib/thumb/v7e-m+fp/hard\libc_nano.a(lib_a-findfp.o)
                0x0000000008009ef8                __sinit
 .text.__sfp    0x0000000008009f68       0x8c c:/software/stm32cubeide_1.11.0/stm32cubeide/plugins/com.st.stm32cube.ide.mcu.externaltools.gnu-tools-for-stm32.10.3-2021.10.win32_1.0.100.202210260954/tools/bin/../lib/gcc/arm-none-eabi/10.3.1/../../../../arm-none-eabi/lib/thumb/v7e-m+fp/hard\libc_nano.a(lib_a-findfp.o)
                0x0000000008009f68                __sfp
 .text._fwalk_reent
                0x0000000008009ff4       0x3e c:/software/stm32cubeide_1.11.0/stm32cubeide/plugins/com.st.stm32cube.ide.mcu.externaltools.gnu-tools-for-stm32.10.3-2021.10.win32_1.0.100.202210260954/tools/bin/../lib/gcc/arm-none-eabi/10.3.1/../../../../arm-none-eabi/lib/thumb/v7e-m+fp/hard\libc_nano.a(lib_a-fwalk.o)
                0x0000000008009ff4                _fwalk_reent
 *fill*         0x000000000800a032        0x2 
 .text.__libc_init_array
                0x000000000800a034       0x48 c:/software/stm32cubeide_1.11.0/stm32cubeide/plugins/com.st.stm32cube.ide.mcu.externaltools.gnu-tools-for-stm32.10.3-2021.10.win32_1.0.100.202210260954/tools/bin/../lib/gcc/arm-none-eabi/10.3.1/../../../../arm-none-eabi/lib/thumb/v7e-m+fp/hard\libc_nano.a(lib_a-init.o)
                0x000000000800a034                __libc_init_array
 .text.__retarget_lock_init_recursive
                0x000000000800a07c        0x2 c:/software/stm32cubeide_1.11.0/stm32cubeide/plugins/com.st.stm32cube.ide.mcu.externaltools.gnu-tools-for-stm32.10.3-2021.10.win32_1.0.100.202210260954/tools/bin/../lib/gcc/arm-none-eabi/10.3.1/../../../../arm-none-eabi/lib/thumb/v7e-m+fp/hard\libc_nano.a(lib_a-lock.o)
                0x000000000800a07c                __retarget_lock_init_recursive
 .text.__retarget_lock_acquire_recursive
                0x000000000800a07e        0x2 c:/software/stm32cubeide_1.11.0/stm32cubeide/plugins/com.st.stm32cube.ide.mcu.externaltools.gnu-tools-for-stm32.10.3-2021.10.win32_1.0.100.202210260954/tools/bin/../lib/gcc/arm-none-eabi/10.3.1/../../../../arm-none-eabi/lib/thumb/v7e-m+fp/hard\libc_nano.a(lib_a-lock.o)
                0x000000000800a07e                __retarget_lock_acquire_recursive
 .text.__retarget_lock_release_recursive
                0x000000000800a080        0x2 c:/software/stm32cubeide_1.11.0/stm32cubeide/plugins/com.st.stm32cube.ide.mcu.externaltools.gnu-tools-for-stm32.10.3-2021.10.win32_1.0.100.202210260954/tools/bin/../lib/gcc/arm-none-eabi/10.3.1/../../../../arm-none-eabi/lib/thumb/v7e-m+fp/hard\libc_nano.a(lib_a-lock.o)
                0x000000000800a080                __retarget_lock_release_recursive
 .text.memcpy   0x000000000800a082       0x1c c:/software/stm32cubeide_1.11.0/stm32cubeide/plugins/com.st.stm32cube.ide.mcu.externaltools.gnu-tools-for-stm32.10.3-2021.10.win32_1.0.100.202210260954/tools/bin/../lib/gcc/arm-none-eabi/10.3.1/../../../../arm-none-eabi/lib/thumb/v7e-m+fp/hard\libc_nano.a(lib_a-memcpy-stub.o)
                0x000000000800a082                memcpy
 .text.memset   0x000000000800a09e       0x10 c:/software/stm32cubeide_1.11.0/stm32cubeide/plugins/com.st.stm32cube.ide.mcu.externaltools.gnu-tools-for-stm32.10.3-2021.10.win32_1.0.100.202210260954/tools/bin/../lib/gcc/arm-none-eabi/10.3.1/../../../../arm-none-eabi/lib/thumb/v7e-m+fp/hard\libc_nano.a(lib_a-memset.o)
                0x000000000800a09e                memset
 *fill*         0x000000000800a0ae        0x2 
 .text.sbrk_aligned
                0x000000000800a0b0       0x40 c:/software/stm32cubeide_1.11.0/stm32cubeide/plugins/com.st.stm32cube.ide.mcu.externaltools.gnu-tools-for-stm32.10.3-2021.10.win32_1.0.100.202210260954/tools/bin/../lib/gcc/arm-none-eabi/10.3.1/../../../../arm-none-eabi/lib/thumb/v7e-m+fp/hard\libc_nano.a(lib_a-nano-mallocr.o)
 .text._malloc_r
                0x000000000800a0f0       0xe8 c:/software/stm32cubeide_1.11.0/stm32cubeide/plugins/com.st.stm32cube.ide.mcu.externaltools.gnu-tools-for-stm32.10.3-2021.10.win32_1.0.100.202210260954/tools/bin/../lib/gcc/arm-none-eabi/10.3.1/../../../../arm-none-eabi/lib/thumb/v7e-m+fp/hard\libc_nano.a(lib_a-nano-mallocr.o)
                0x000000000800a0f0                _malloc_r
 .text.__cvt    0x000000000800a1d8       0xc4 c:/software/stm32cubeide_1.11.0/stm32cubeide/plugins/com.st.stm32cube.ide.mcu.externaltools.gnu-tools-for-stm32.10.3-2021.10.win32_1.0.100.202210260954/tools/bin/../lib/gcc/arm-none-eabi/10.3.1/../../../../arm-none-eabi/lib/thumb/v7e-m+fp/hard\libc_nano.a(lib_a-nano-vfprintf_float.o)
                0x000000000800a1d8                __cvt
 .text.__exponent
                0x000000000800a29c       0x7c c:/software/stm32cubeide_1.11.0/stm32cubeide/plugins/com.st.stm32cube.ide.mcu.externaltools.gnu-tools-for-stm32.10.3-2021.10.win32_1.0.100.202210260954/tools/bin/../lib/gcc/arm-none-eabi/10.3.1/../../../../arm-none-eabi/lib/thumb/v7e-m+fp/hard\libc_nano.a(lib_a-nano-vfprintf_float.o)
                0x000000000800a29c                __exponent
 .text._printf_float
                0x000000000800a318      0x46c c:/software/stm32cubeide_1.11.0/stm32cubeide/plugins/com.st.stm32cube.ide.mcu.externaltools.gnu-tools-for-stm32.10.3-2021.10.win32_1.0.100.202210260954/tools/bin/../lib/gcc/arm-none-eabi/10.3.1/../../../../arm-none-eabi/lib/thumb/v7e-m+fp/hard\libc_nano.a(lib_a-nano-vfprintf_float.o)
                0x000000000800a318                _printf_float
 .text._printf_common
                0x000000000800a784       0xda c:/software/stm32cubeide_1.11.0/stm32cubeide/plugins/com.st.stm32cube.ide.mcu.externaltools.gnu-tools-for-stm32.10.3-2021.10.win32_1.0.100.202210260954/tools/bin/../lib/gcc/arm-none-eabi/10.3.1/../../../../arm-none-eabi/lib/thumb/v7e-m+fp/hard\libc_nano.a(lib_a-nano-vfprintf_i.o)
                0x000000000800a784                _printf_common
 *fill*         0x000000000800a85e        0x2 
 .text._printf_i
                0x000000000800a860      0x24c c:/software/stm32cubeide_1.11.0/stm32cubeide/plugins/com.st.stm32cube.ide.mcu.externaltools.gnu-tools-for-stm32.10.3-2021.10.win32_1.0.100.202210260954/tools/bin/../lib/gcc/arm-none-eabi/10.3.1/../../../../arm-none-eabi/lib/thumb/v7e-m+fp/hard\libc_nano.a(lib_a-nano-vfprintf_i.o)
                0x000000000800a860                _printf_i
 .text._scanf_float
                0x000000000800aaac      0x420 c:/software/stm32cubeide_1.11.0/stm32cubeide/plugins/com.st.stm32cube.ide.mcu.externaltools.gnu-tools-for-stm32.10.3-2021.10.win32_1.0.100.202210260954/tools/bin/../lib/gcc/arm-none-eabi/10.3.1/../../../../arm-none-eabi/lib/thumb/v7e-m+fp/hard\libc_nano.a(lib_a-nano-vfscanf_float.o)
                0x000000000800aaac                _scanf_float
 .text.cleanup_glue
                0x000000000800aecc       0x1a c:/software/stm32cubeide_1.11.0/stm32cubeide/plugins/com.st.stm32cube.ide.mcu.externaltools.gnu-tools-for-stm32.10.3-2021.10.win32_1.0.100.202210260954/tools/bin/../lib/gcc/arm-none-eabi/10.3.1/../../../../arm-none-eabi/lib/thumb/v7e-m+fp/hard\libc_nano.a(lib_a-reent.o)
                0x000000000800aecc                cleanup_glue
 *fill*         0x000000000800aee6        0x2 
 .text._reclaim_reent
                0x000000000800aee8       0xb8 c:/software/stm32cubeide_1.11.0/stm32cubeide/plugins/com.st.stm32cube.ide.mcu.externaltools.gnu-tools-for-stm32.10.3-2021.10.win32_1.0.100.202210260954/tools/bin/../lib/gcc/arm-none-eabi/10.3.1/../../../../arm-none-eabi/lib/thumb/v7e-m+fp/hard\libc_nano.a(lib_a-reent.o)
                0x000000000800aee8                _reclaim_reent
 .text._sbrk_r  0x000000000800afa0       0x20 c:/software/stm32cubeide_1.11.0/stm32cubeide/plugins/com.st.stm32cube.ide.mcu.externaltools.gnu-tools-for-stm32.10.3-2021.10.win32_1.0.100.202210260954/tools/bin/../lib/gcc/arm-none-eabi/10.3.1/../../../../arm-none-eabi/lib/thumb/v7e-m+fp/hard\libc_nano.a(lib_a-sbrkr.o)
                0x000000000800afa0                _sbrk_r
 .text.nanf     0x000000000800afc0        0xc c:/software/stm32cubeide_1.11.0/stm32cubeide/plugins/com.st.stm32cube.ide.mcu.externaltools.gnu-tools-for-stm32.10.3-2021.10.win32_1.0.100.202210260954/tools/bin/../lib/gcc/arm-none-eabi/10.3.1/../../../../arm-none-eabi/lib/thumb/v7e-m+fp/hard\libc_nano.a(lib_a-sf_nan.o)
                0x000000000800afc0                nanf
 .text.sprintf  0x000000000800afcc       0x40 c:/software/stm32cubeide_1.11.0/stm32cubeide/plugins/com.st.stm32cube.ide.mcu.externaltools.gnu-tools-for-stm32.10.3-2021.10.win32_1.0.100.202210260954/tools/bin/../lib/gcc/arm-none-eabi/10.3.1/../../../../arm-none-eabi/lib/thumb/v7e-m+fp/hard\libc_nano.a(lib_a-sprintf.o)
                0x000000000800afcc                siprintf
                0x000000000800afcc                sprintf
 .text.sscanf   0x000000000800b00c       0x58 c:/software/stm32cubeide_1.11.0/stm32cubeide/plugins/com.st.stm32cube.ide.mcu.externaltools.gnu-tools-for-stm32.10.3-2021.10.win32_1.0.100.202210260954/tools/bin/../lib/gcc/arm-none-eabi/10.3.1/../../../../arm-none-eabi/lib/thumb/v7e-m+fp/hard\libc_nano.a(lib_a-sscanf.o)
                0x000000000800b00c                siscanf
                0x000000000800b00c                sscanf
 .text.__sread  0x000000000800b064       0x22 c:/software/stm32cubeide_1.11.0/stm32cubeide/plugins/com.st.stm32cube.ide.mcu.externaltools.gnu-tools-for-stm32.10.3-2021.10.win32_1.0.100.202210260954/tools/bin/../lib/gcc/arm-none-eabi/10.3.1/../../../../arm-none-eabi/lib/thumb/v7e-m+fp/hard\libc_nano.a(lib_a-stdio.o)
                0x000000000800b064                __sread
 .text.__seofread
                0x000000000800b086        0x4 c:/software/stm32cubeide_1.11.0/stm32cubeide/plugins/com.st.stm32cube.ide.mcu.externaltools.gnu-tools-for-stm32.10.3-2021.10.win32_1.0.100.202210260954/tools/bin/../lib/gcc/arm-none-eabi/10.3.1/../../../../arm-none-eabi/lib/thumb/v7e-m+fp/hard\libc_nano.a(lib_a-stdio.o)
                0x000000000800b086                __seofread
 .text.__swrite
                0x000000000800b08a       0x38 c:/software/stm32cubeide_1.11.0/stm32cubeide/plugins/com.st.stm32cube.ide.mcu.externaltools.gnu-tools-for-stm32.10.3-2021.10.win32_1.0.100.202210260954/tools/bin/../lib/gcc/arm-none-eabi/10.3.1/../../../../arm-none-eabi/lib/thumb/v7e-m+fp/hard\libc_nano.a(lib_a-stdio.o)
                0x000000000800b08a                __swrite
 .text.__sseek  0x000000000800b0c2       0x24 c:/software/stm32cubeide_1.11.0/stm32cubeide/plugins/com.st.stm32cube.ide.mcu.externaltools.gnu-tools-for-stm32.10.3-2021.10.win32_1.0.100.202210260954/tools/bin/../lib/gcc/arm-none-eabi/10.3.1/../../../../arm-none-eabi/lib/thumb/v7e-m+fp/hard\libc_nano.a(lib_a-stdio.o)
                0x000000000800b0c2                __sseek
 .text.__sclose
                0x000000000800b0e6        0x8 c:/software/stm32cubeide_1.11.0/stm32cubeide/plugins/com.st.stm32cube.ide.mcu.externaltools.gnu-tools-for-stm32.10.3-2021.10.win32_1.0.100.202210260954/tools/bin/../lib/gcc/arm-none-eabi/10.3.1/../../../../arm-none-eabi/lib/thumb/v7e-m+fp/hard\libc_nano.a(lib_a-stdio.o)
                0x000000000800b0e6                __sclose
 .text.strncmp  0x000000000800b0ee       0x28 c:/software/stm32cubeide_1.11.0/stm32cubeide/plugins/com.st.stm32cube.ide.mcu.externaltools.gnu-tools-for-stm32.10.3-2021.10.win32_1.0.100.202210260954/tools/bin/../lib/gcc/arm-none-eabi/10.3.1/../../../../arm-none-eabi/lib/thumb/v7e-m+fp/hard\libc_nano.a(lib_a-strncmp.o)
                0x000000000800b0ee                strncmp
 .text.strncpy  0x000000000800b116       0x26 c:/software/stm32cubeide_1.11.0/stm32cubeide/plugins/com.st.stm32cube.ide.mcu.externaltools.gnu-tools-for-stm32.10.3-2021.10.win32_1.0.100.202210260954/tools/bin/../lib/gcc/arm-none-eabi/10.3.1/../../../../arm-none-eabi/lib/thumb/v7e-m+fp/hard\libc_nano.a(lib_a-strncpy.o)
                0x000000000800b116                strncpy
 .text.strstr   0x000000000800b13c       0x2c c:/software/stm32cubeide_1.11.0/stm32cubeide/plugins/com.st.stm32cube.ide.mcu.externaltools.gnu-tools-for-stm32.10.3-2021.10.win32_1.0.100.202210260954/tools/bin/../lib/gcc/arm-none-eabi/10.3.1/../../../../arm-none-eabi/lib/thumb/v7e-m+fp/hard\libc_nano.a(lib_a-strstr.o)
                0x000000000800b13c                strstr
 .text.sulp     0x000000000800b168       0x38 c:/software/stm32cubeide_1.11.0/stm32cubeide/plugins/com.st.stm32cube.ide.mcu.externaltools.gnu-tools-for-stm32.10.3-2021.10.win32_1.0.100.202210260954/tools/bin/../lib/gcc/arm-none-eabi/10.3.1/../../../../arm-none-eabi/lib/thumb/v7e-m+fp/hard\libc_nano.a(lib_a-strtod.o)
 .text._strtod_l
                0x000000000800b1a0      0xc0c c:/software/stm32cubeide_1.11.0/stm32cubeide/plugins/com.st.stm32cube.ide.mcu.externaltools.gnu-tools-for-stm32.10.3-2021.10.win32_1.0.100.202210260954/tools/bin/../lib/gcc/arm-none-eabi/10.3.1/../../../../arm-none-eabi/lib/thumb/v7e-m+fp/hard\libc_nano.a(lib_a-strtod.o)
                0x000000000800b1a0                _strtod_l
 .text._strtod_r
                0x000000000800bdac        0xc c:/software/stm32cubeide_1.11.0/stm32cubeide/plugins/com.st.stm32cube.ide.mcu.externaltools.gnu-tools-for-stm32.10.3-2021.10.win32_1.0.100.202210260954/tools/bin/../lib/gcc/arm-none-eabi/10.3.1/../../../../arm-none-eabi/lib/thumb/v7e-m+fp/hard\libc_nano.a(lib_a-strtod.o)
                0x000000000800bdac                _strtod_r
 .text.__strtok_r
                0x000000000800bdb8       0x50 c:/software/stm32cubeide_1.11.0/stm32cubeide/plugins/com.st.stm32cube.ide.mcu.externaltools.gnu-tools-for-stm32.10.3-2021.10.win32_1.0.100.202210260954/tools/bin/../lib/gcc/arm-none-eabi/10.3.1/../../../../arm-none-eabi/lib/thumb/v7e-m+fp/hard\libc_nano.a(lib_a-strtok_r.o)
                0x000000000800bdb8                __strtok_r
 .text.strtok_r
                0x000000000800be08        0x6 c:/software/stm32cubeide_1.11.0/stm32cubeide/plugins/com.st.stm32cube.ide.mcu.externaltools.gnu-tools-for-stm32.10.3-2021.10.win32_1.0.100.202210260954/tools/bin/../lib/gcc/arm-none-eabi/10.3.1/../../../../arm-none-eabi/lib/thumb/v7e-m+fp/hard\libc_nano.a(lib_a-strtok_r.o)
                0x000000000800be08                strtok_r
 *fill*         0x000000000800be0e        0x2 
 .text._strtol_l.constprop.0
                0x000000000800be10      0x104 c:/software/stm32cubeide_1.11.0/stm32cubeide/plugins/com.st.stm32cube.ide.mcu.externaltools.gnu-tools-for-stm32.10.3-2021.10.win32_1.0.100.202210260954/tools/bin/../lib/gcc/arm-none-eabi/10.3.1/../../../../arm-none-eabi/lib/thumb/v7e-m+fp/hard\libc_nano.a(lib_a-strtol.o)
 .text._strtol_r
                0x000000000800bf14        0x4 c:/software/stm32cubeide_1.11.0/stm32cubeide/plugins/com.st.stm32cube.ide.mcu.externaltools.gnu-tools-for-stm32.10.3-2021.10.win32_1.0.100.202210260954/tools/bin/../lib/gcc/arm-none-eabi/10.3.1/../../../../arm-none-eabi/lib/thumb/v7e-m+fp/hard\libc_nano.a(lib_a-strtol.o)
                0x000000000800bf14                _strtol_r
 .text._vsnprintf_r
                0x000000000800bf18       0x56 c:/software/stm32cubeide_1.11.0/stm32cubeide/plugins/com.st.stm32cube.ide.mcu.externaltools.gnu-tools-for-stm32.10.3-2021.10.win32_1.0.100.202210260954/tools/bin/../lib/gcc/arm-none-eabi/10.3.1/../../../../arm-none-eabi/lib/thumb/v7e-m+fp/hard\libc_nano.a(lib_a-vsnprintf.o)
                0x000000000800bf18                _vsniprintf_r
                0x000000000800bf18                _vsnprintf_r
 *fill*         0x000000000800bf6e        0x2 
 .text.vsnprintf
                0x000000000800bf70       0x1c c:/software/stm32cubeide_1.11.0/stm32cubeide/plugins/com.st.stm32cube.ide.mcu.externaltools.gnu-tools-for-stm32.10.3-2021.10.win32_1.0.100.202210260954/tools/bin/../lib/gcc/arm-none-eabi/10.3.1/../../../../arm-none-eabi/lib/thumb/v7e-m+fp/hard\libc_nano.a(lib_a-vsnprintf.o)
                0x000000000800bf70                vsniprintf
                0x000000000800bf70                vsnprintf
 .text._vsprintf_r
                0x000000000800bf8c       0x2c c:/software/stm32cubeide_1.11.0/stm32cubeide/plugins/com.st.stm32cube.ide.mcu.externaltools.gnu-tools-for-stm32.10.3-2021.10.win32_1.0.100.202210260954/tools/bin/../lib/gcc/arm-none-eabi/10.3.1/../../../../arm-none-eabi/lib/thumb/v7e-m+fp/hard\libc_nano.a(lib_a-vsprintf.o)
                0x000000000800bf8c                _vsprintf_r
                0x000000000800bf8c                _vsiprintf_r
 .text.vsprintf
                0x000000000800bfb8       0x14 c:/software/stm32cubeide_1.11.0/stm32cubeide/plugins/com.st.stm32cube.ide.mcu.externaltools.gnu-tools-for-stm32.10.3-2021.10.win32_1.0.100.202210260954/tools/bin/../lib/gcc/arm-none-eabi/10.3.1/../../../../arm-none-eabi/lib/thumb/v7e-m+fp/hard\libc_nano.a(lib_a-vsprintf.o)
                0x000000000800bfb8                vsiprintf
                0x000000000800bfb8                vsprintf
 .text._write_r
                0x000000000800bfcc       0x24 c:/software/stm32cubeide_1.11.0/stm32cubeide/plugins/com.st.stm32cube.ide.mcu.externaltools.gnu-tools-for-stm32.10.3-2021.10.win32_1.0.100.202210260954/tools/bin/../lib/gcc/arm-none-eabi/10.3.1/../../../../arm-none-eabi/lib/thumb/v7e-m+fp/hard\libc_nano.a(lib_a-writer.o)
                0x000000000800bfcc                _write_r
 .text._close_r
                0x000000000800bff0       0x20 c:/software/stm32cubeide_1.11.0/stm32cubeide/plugins/com.st.stm32cube.ide.mcu.externaltools.gnu-tools-for-stm32.10.3-2021.10.win32_1.0.100.202210260954/tools/bin/../lib/gcc/arm-none-eabi/10.3.1/../../../../arm-none-eabi/lib/thumb/v7e-m+fp/hard\libc_nano.a(lib_a-closer.o)
                0x000000000800bff0                _close_r
 .text.quorem   0x000000000800c010      0x116 c:/software/stm32cubeide_1.11.0/stm32cubeide/plugins/com.st.stm32cube.ide.mcu.externaltools.gnu-tools-for-stm32.10.3-2021.10.win32_1.0.100.202210260954/tools/bin/../lib/gcc/arm-none-eabi/10.3.1/../../../../arm-none-eabi/lib/thumb/v7e-m+fp/hard\libc_nano.a(lib_a-dtoa.o)
 *fill*         0x000000000800c126        0x2 
 .text._dtoa_r  0x000000000800c128      0xbdc c:/software/stm32cubeide_1.11.0/stm32cubeide/plugins/com.st.stm32cube.ide.mcu.externaltools.gnu-tools-for-stm32.10.3-2021.10.win32_1.0.100.202210260954/tools/bin/../lib/gcc/arm-none-eabi/10.3.1/../../../../arm-none-eabi/lib/thumb/v7e-m+fp/hard\libc_nano.a(lib_a-dtoa.o)
                0x000000000800c128                _dtoa_r
 .text.__sflush_r
                0x000000000800cd04      0x10c c:/software/stm32cubeide_1.11.0/stm32cubeide/plugins/com.st.stm32cube.ide.mcu.externaltools.gnu-tools-for-stm32.10.3-2021.10.win32_1.0.100.202210260954/tools/bin/../lib/gcc/arm-none-eabi/10.3.1/../../../../arm-none-eabi/lib/thumb/v7e-m+fp/hard\libc_nano.a(lib_a-fflush.o)
                0x000000000800cd04                __sflush_r
 .text._fflush_r
                0x000000000800ce10       0x78 c:/software/stm32cubeide_1.11.0/stm32cubeide/plugins/com.st.stm32cube.ide.mcu.externaltools.gnu-tools-for-stm32.10.3-2021.10.win32_1.0.100.202210260954/tools/bin/../lib/gcc/arm-none-eabi/10.3.1/../../../../arm-none-eabi/lib/thumb/v7e-m+fp/hard\libc_nano.a(lib_a-fflush.o)
                0x000000000800ce10                _fflush_r
 .text.rshift   0x000000000800ce88       0xa4 c:/software/stm32cubeide_1.11.0/stm32cubeide/plugins/com.st.stm32cube.ide.mcu.externaltools.gnu-tools-for-stm32.10.3-2021.10.win32_1.0.100.202210260954/tools/bin/../lib/gcc/arm-none-eabi/10.3.1/../../../../arm-none-eabi/lib/thumb/v7e-m+fp/hard\libc_nano.a(lib_a-gdtoa-gethex.o)
 .text.__hexdig_fun
                0x000000000800cf2c       0x2a c:/software/stm32cubeide_1.11.0/stm32cubeide/plugins/com.st.stm32cube.ide.mcu.externaltools.gnu-tools-for-stm32.10.3-2021.10.win32_1.0.100.202210260954/tools/bin/../lib/gcc/arm-none-eabi/10.3.1/../../../../arm-none-eabi/lib/thumb/v7e-m+fp/hard\libc_nano.a(lib_a-gdtoa-gethex.o)
                0x000000000800cf2c                __hexdig_fun
 *fill*         0x000000000800cf56        0x2 
 .text.__gethex
                0x000000000800cf58      0x48c c:/software/stm32cubeide_1.11.0/stm32cubeide/plugins/com.st.stm32cube.ide.mcu.externaltools.gnu-tools-for-stm32.10.3-2021.10.win32_1.0.100.202210260954/tools/bin/../lib/gcc/arm-none-eabi/10.3.1/../../../../arm-none-eabi/lib/thumb/v7e-m+fp/hard\libc_nano.a(lib_a-gdtoa-gethex.o)
                0x000000000800cf58                __gethex
 .text.L_shift  0x000000000800d3e4       0x24 c:/software/stm32cubeide_1.11.0/stm32cubeide/plugins/com.st.stm32cube.ide.mcu.externaltools.gnu-tools-for-stm32.10.3-2021.10.win32_1.0.100.202210260954/tools/bin/../lib/gcc/arm-none-eabi/10.3.1/../../../../arm-none-eabi/lib/thumb/v7e-m+fp/hard\libc_nano.a(lib_a-gdtoa-hexnan.o)
 .text.__match  0x000000000800d408       0x28 c:/software/stm32cubeide_1.11.0/stm32cubeide/plugins/com.st.stm32cube.ide.mcu.externaltools.gnu-tools-for-stm32.10.3-2021.10.win32_1.0.100.202210260954/tools/bin/../lib/gcc/arm-none-eabi/10.3.1/../../../../arm-none-eabi/lib/thumb/v7e-m+fp/hard\libc_nano.a(lib_a-gdtoa-hexnan.o)
                0x000000000800d408                __match
 .text.__hexnan
                0x000000000800d430      0x138 c:/software/stm32cubeide_1.11.0/stm32cubeide/plugins/com.st.stm32cube.ide.mcu.externaltools.gnu-tools-for-stm32.10.3-2021.10.win32_1.0.100.202210260954/tools/bin/../lib/gcc/arm-none-eabi/10.3.1/../../../../arm-none-eabi/lib/thumb/v7e-m+fp/hard\libc_nano.a(lib_a-gdtoa-hexnan.o)
                0x000000000800d430                __hexnan
 .text._localeconv_r
                0x000000000800d568        0x8 c:/software/stm32cubeide_1.11.0/stm32cubeide/plugins/com.st.stm32cube.ide.mcu.externaltools.gnu-tools-for-stm32.10.3-2021.10.win32_1.0.100.202210260954/tools/bin/../lib/gcc/arm-none-eabi/10.3.1/../../../../arm-none-eabi/lib/thumb/v7e-m+fp/hard\libc_nano.a(lib_a-localeconv.o)
                0x000000000800d568                _localeconv_r
 .text._lseek_r
                0x000000000800d570       0x24 c:/software/stm32cubeide_1.11.0/stm32cubeide/plugins/com.st.stm32cube.ide.mcu.externaltools.gnu-tools-for-stm32.10.3-2021.10.win32_1.0.100.202210260954/tools/bin/../lib/gcc/arm-none-eabi/10.3.1/../../../../arm-none-eabi/lib/thumb/v7e-m+fp/hard\libc_nano.a(lib_a-lseekr.o)
                0x000000000800d570                _lseek_r
 .text.malloc   0x000000000800d594       0x10 c:/software/stm32cubeide_1.11.0/stm32cubeide/plugins/com.st.stm32cube.ide.mcu.externaltools.gnu-tools-for-stm32.10.3-2021.10.win32_1.0.100.202210260954/tools/bin/../lib/gcc/arm-none-eabi/10.3.1/../../../../arm-none-eabi/lib/thumb/v7e-m+fp/hard\libc_nano.a(lib_a-malloc.o)
                0x000000000800d594                malloc
 .text.__ascii_mbtowc
                0x000000000800d5a4       0x24 c:/software/stm32cubeide_1.11.0/stm32cubeide/plugins/com.st.stm32cube.ide.mcu.externaltools.gnu-tools-for-stm32.10.3-2021.10.win32_1.0.100.202210260954/tools/bin/../lib/gcc/arm-none-eabi/10.3.1/../../../../arm-none-eabi/lib/thumb/v7e-m+fp/hard\libc_nano.a(lib_a-mbtowc_r.o)
                0x000000000800d5a4                __ascii_mbtowc
 .text.__malloc_lock
                0x000000000800d5c8        0xc c:/software/stm32cubeide_1.11.0/stm32cubeide/plugins/com.st.stm32cube.ide.mcu.externaltools.gnu-tools-for-stm32.10.3-2021.10.win32_1.0.100.202210260954/tools/bin/../lib/gcc/arm-none-eabi/10.3.1/../../../../arm-none-eabi/lib/thumb/v7e-m+fp/hard\libc_nano.a(lib_a-mlock.o)
                0x000000000800d5c8                __malloc_lock
 .text.__malloc_unlock
                0x000000000800d5d4        0xc c:/software/stm32cubeide_1.11.0/stm32cubeide/plugins/com.st.stm32cube.ide.mcu.externaltools.gnu-tools-for-stm32.10.3-2021.10.win32_1.0.100.202210260954/tools/bin/../lib/gcc/arm-none-eabi/10.3.1/../../../../arm-none-eabi/lib/thumb/v7e-m+fp/hard\libc_nano.a(lib_a-mlock.o)
                0x000000000800d5d4                __malloc_unlock
 .text._Balloc  0x000000000800d5e0       0x80 c:/software/stm32cubeide_1.11.0/stm32cubeide/plugins/com.st.stm32cube.ide.mcu.externaltools.gnu-tools-for-stm32.10.3-2021.10.win32_1.0.100.202210260954/tools/bin/../lib/gcc/arm-none-eabi/10.3.1/../../../../arm-none-eabi/lib/thumb/v7e-m+fp/hard\libc_nano.a(lib_a-mprec.o)
                0x000000000800d5e0                _Balloc
 .text._Bfree   0x000000000800d660       0x44 c:/software/stm32cubeide_1.11.0/stm32cubeide/plugins/com.st.stm32cube.ide.mcu.externaltools.gnu-tools-for-stm32.10.3-2021.10.win32_1.0.100.202210260954/tools/bin/../lib/gcc/arm-none-eabi/10.3.1/../../../../arm-none-eabi/lib/thumb/v7e-m+fp/hard\libc_nano.a(lib_a-mprec.o)
                0x000000000800d660                _Bfree
 .text.__multadd
                0x000000000800d6a4       0x8c c:/software/stm32cubeide_1.11.0/stm32cubeide/plugins/com.st.stm32cube.ide.mcu.externaltools.gnu-tools-for-stm32.10.3-2021.10.win32_1.0.100.202210260954/tools/bin/../lib/gcc/arm-none-eabi/10.3.1/../../../../arm-none-eabi/lib/thumb/v7e-m+fp/hard\libc_nano.a(lib_a-mprec.o)
                0x000000000800d6a4                __multadd
 .text.__s2b    0x000000000800d730       0x94 c:/software/stm32cubeide_1.11.0/stm32cubeide/plugins/com.st.stm32cube.ide.mcu.externaltools.gnu-tools-for-stm32.10.3-2021.10.win32_1.0.100.202210260954/tools/bin/../lib/gcc/arm-none-eabi/10.3.1/../../../../arm-none-eabi/lib/thumb/v7e-m+fp/hard\libc_nano.a(lib_a-mprec.o)
                0x000000000800d730                __s2b
 .text.__hi0bits
                0x000000000800d7c4       0x40 c:/software/stm32cubeide_1.11.0/stm32cubeide/plugins/com.st.stm32cube.ide.mcu.externaltools.gnu-tools-for-stm32.10.3-2021.10.win32_1.0.100.202210260954/tools/bin/../lib/gcc/arm-none-eabi/10.3.1/../../../../arm-none-eabi/lib/thumb/v7e-m+fp/hard\libc_nano.a(lib_a-mprec.o)
                0x000000000800d7c4                __hi0bits
 .text.__lo0bits
                0x000000000800d804       0x5e c:/software/stm32cubeide_1.11.0/stm32cubeide/plugins/com.st.stm32cube.ide.mcu.externaltools.gnu-tools-for-stm32.10.3-2021.10.win32_1.0.100.202210260954/tools/bin/../lib/gcc/arm-none-eabi/10.3.1/../../../../arm-none-eabi/lib/thumb/v7e-m+fp/hard\libc_nano.a(lib_a-mprec.o)
                0x000000000800d804                __lo0bits
 *fill*         0x000000000800d862        0x2 
 .text.__i2b    0x000000000800d864       0x2c c:/software/stm32cubeide_1.11.0/stm32cubeide/plugins/com.st.stm32cube.ide.mcu.externaltools.gnu-tools-for-stm32.10.3-2021.10.win32_1.0.100.202210260954/tools/bin/../lib/gcc/arm-none-eabi/10.3.1/../../../../arm-none-eabi/lib/thumb/v7e-m+fp/hard\libc_nano.a(lib_a-mprec.o)
                0x000000000800d864                __i2b
 .text.__multiply
                0x000000000800d890      0x154 c:/software/stm32cubeide_1.11.0/stm32cubeide/plugins/com.st.stm32cube.ide.mcu.externaltools.gnu-tools-for-stm32.10.3-2021.10.win32_1.0.100.202210260954/tools/bin/../lib/gcc/arm-none-eabi/10.3.1/../../../../arm-none-eabi/lib/thumb/v7e-m+fp/hard\libc_nano.a(lib_a-mprec.o)
                0x000000000800d890                __multiply
 .text.__pow5mult
                0x000000000800d9e4       0xb4 c:/software/stm32cubeide_1.11.0/stm32cubeide/plugins/com.st.stm32cube.ide.mcu.externaltools.gnu-tools-for-stm32.10.3-2021.10.win32_1.0.100.202210260954/tools/bin/../lib/gcc/arm-none-eabi/10.3.1/../../../../arm-none-eabi/lib/thumb/v7e-m+fp/hard\libc_nano.a(lib_a-mprec.o)
                0x000000000800d9e4                __pow5mult
 .text.__lshift
                0x000000000800da98       0xe0 c:/software/stm32cubeide_1.11.0/stm32cubeide/plugins/com.st.stm32cube.ide.mcu.externaltools.gnu-tools-for-stm32.10.3-2021.10.win32_1.0.100.202210260954/tools/bin/../lib/gcc/arm-none-eabi/10.3.1/../../../../arm-none-eabi/lib/thumb/v7e-m+fp/hard\libc_nano.a(lib_a-mprec.o)
                0x000000000800da98                __lshift
 .text.__mcmp   0x000000000800db78       0x38 c:/software/stm32cubeide_1.11.0/stm32cubeide/plugins/com.st.stm32cube.ide.mcu.externaltools.gnu-tools-for-stm32.10.3-2021.10.win32_1.0.100.202210260954/tools/bin/../lib/gcc/arm-none-eabi/10.3.1/../../../../arm-none-eabi/lib/thumb/v7e-m+fp/hard\libc_nano.a(lib_a-mprec.o)
                0x000000000800db78                __mcmp
 .text.__mdiff  0x000000000800dbb0      0x114 c:/software/stm32cubeide_1.11.0/stm32cubeide/plugins/com.st.stm32cube.ide.mcu.externaltools.gnu-tools-for-stm32.10.3-2021.10.win32_1.0.100.202210260954/tools/bin/../lib/gcc/arm-none-eabi/10.3.1/../../../../arm-none-eabi/lib/thumb/v7e-m+fp/hard\libc_nano.a(lib_a-mprec.o)
                0x000000000800dbb0                __mdiff
 .text.__ulp    0x000000000800dcc4       0x58 c:/software/stm32cubeide_1.11.0/stm32cubeide/plugins/com.st.stm32cube.ide.mcu.externaltools.gnu-tools-for-stm32.10.3-2021.10.win32_1.0.100.202210260954/tools/bin/../lib/gcc/arm-none-eabi/10.3.1/../../../../arm-none-eabi/lib/thumb/v7e-m+fp/hard\libc_nano.a(lib_a-mprec.o)
                0x000000000800dcc4                __ulp
 .text.__b2d    0x000000000800dd1c       0xa0 c:/software/stm32cubeide_1.11.0/stm32cubeide/plugins/com.st.stm32cube.ide.mcu.externaltools.gnu-tools-for-stm32.10.3-2021.10.win32_1.0.100.202210260954/tools/bin/../lib/gcc/arm-none-eabi/10.3.1/../../../../arm-none-eabi/lib/thumb/v7e-m+fp/hard\libc_nano.a(lib_a-mprec.o)
                0x000000000800dd1c                __b2d
 .text.__d2b    0x000000000800ddbc       0xb8 c:/software/stm32cubeide_1.11.0/stm32cubeide/plugins/com.st.stm32cube.ide.mcu.externaltools.gnu-tools-for-stm32.10.3-2021.10.win32_1.0.100.202210260954/tools/bin/../lib/gcc/arm-none-eabi/10.3.1/../../../../arm-none-eabi/lib/thumb/v7e-m+fp/hard\libc_nano.a(lib_a-mprec.o)
                0x000000000800ddbc                __d2b
 .text.__ratio  0x000000000800de74       0x66 c:/software/stm32cubeide_1.11.0/stm32cubeide/plugins/com.st.stm32cube.ide.mcu.externaltools.gnu-tools-for-stm32.10.3-2021.10.win32_1.0.100.202210260954/tools/bin/../lib/gcc/arm-none-eabi/10.3.1/../../../../arm-none-eabi/lib/thumb/v7e-m+fp/hard\libc_nano.a(lib_a-mprec.o)
                0x000000000800de74                __ratio
 .text.__copybits
                0x000000000800deda       0x46 c:/software/stm32cubeide_1.11.0/stm32cubeide/plugins/com.st.stm32cube.ide.mcu.externaltools.gnu-tools-for-stm32.10.3-2021.10.win32_1.0.100.202210260954/tools/bin/../lib/gcc/arm-none-eabi/10.3.1/../../../../arm-none-eabi/lib/thumb/v7e-m+fp/hard\libc_nano.a(lib_a-mprec.o)
                0x000000000800deda                __copybits
 .text.__any_on
                0x000000000800df20       0x42 c:/software/stm32cubeide_1.11.0/stm32cubeide/plugins/com.st.stm32cube.ide.mcu.externaltools.gnu-tools-for-stm32.10.3-2021.10.win32_1.0.100.202210260954/tools/bin/../lib/gcc/arm-none-eabi/10.3.1/../../../../arm-none-eabi/lib/thumb/v7e-m+fp/hard\libc_nano.a(lib_a-mprec.o)
                0x000000000800df20                __any_on
 .text._calloc_r
                0x000000000800df62       0x2c c:/software/stm32cubeide_1.11.0/stm32cubeide/plugins/com.st.stm32cube.ide.mcu.externaltools.gnu-tools-for-stm32.10.3-2021.10.win32_1.0.100.202210260954/tools/bin/../lib/gcc/arm-none-eabi/10.3.1/../../../../arm-none-eabi/lib/thumb/v7e-m+fp/hard\libc_nano.a(lib_a-nano-callocr.o)
                0x000000000800df62                _calloc_r
 *fill*         0x000000000800df8e        0x2 
 .text._free_r  0x000000000800df90       0x98 c:/software/stm32cubeide_1.11.0/stm32cubeide/plugins/com.st.stm32cube.ide.mcu.externaltools.gnu-tools-for-stm32.10.3-2021.10.win32_1.0.100.202210260954/tools/bin/../lib/gcc/arm-none-eabi/10.3.1/../../../../arm-none-eabi/lib/thumb/v7e-m+fp/hard\libc_nano.a(lib_a-nano-freer.o)
                0x000000000800df90                _free_r
 .text.__ssputs_r
                0x000000000800e028       0xb6 c:/software/stm32cubeide_1.11.0/stm32cubeide/plugins/com.st.stm32cube.ide.mcu.externaltools.gnu-tools-for-stm32.10.3-2021.10.win32_1.0.100.202210260954/tools/bin/../lib/gcc/arm-none-eabi/10.3.1/../../../../arm-none-eabi/lib/thumb/v7e-m+fp/hard\libc_nano.a(lib_a-nano-svfprintf.o)
                0x000000000800e028                __ssputs_r
 *fill*         0x000000000800e0de        0x2 
 .text._svfprintf_r