../CarOS/src/communication/c_io.c:68:6:cosioInit	40	static
../CarOS/src/communication/c_io.c:99:6:COS_printf	16	static
../CarOS/src/communication/c_io.c:125:6:io_Init	40	static
../CarOS/src/communication/c_io.c:241:6:io_printf	28	static
../CarOS/src/communication/c_io.c:259:6:io_Process	16	static
../CarOS/src/communication/c_io.c:281:6:io_CommandMode	16	static
../CarOS/src/communication/c_io.c:293:6:cosioTransmitOver	4	static
../CarOS/src/communication/c_io.c:307:6:io_DMAHandler	24	static
../CarOS/src/communication/c_io.c:331:6:io_OutputProcess	16	static
../CarOS/src/communication/c_io.c:378:6:io_InputProcess	280	static
../CarOS/src/communication/c_io.c:420:6:io_vprintf	48	static
../CarOS/src/communication/c_io.c:470:6:io_UartRxIntHandler	24	static
../CarOS/src/communication/c_io.c:502:6:io_SendData	48	static
../CarOS/src/communication/c_io.c:558:10:_io_GetSpareOutBuf	24	static
../CarOS/src/communication/c_io.c:590:9:_io_ActivatedBufEmpty	16	static
../CarOS/src/communication/c_io.c:608:6:_io_Transmit	24	static
../CarOS/src/communication/c_io.c:634:6:io_InputBufWrite	40	static
../CarOS/src/communication/c_io.c:668:6:_io_InputBufWriteByte	16	static
../CarOS/src/communication/c_io.c:691:10:io_GetLine	40	static
../CarOS/src/communication/c_io.c:751:10:io_GetData	40	static
../CarOS/src/communication/c_io.c:790:9:_io_GetByte	24	static
../CarOS/src/communication/c_io.c:818:6:io_InputBufRemove	24	static
../CarOS/src/communication/c_io.c:840:9:io_InputBufRemoveByte	24	static
../CarOS/src/communication/c_io.c:862:6:io_InputBufReset	16	static
../CarOS/src/communication/c_io.c:879:9:io_InputBufFull	16	static
../CarOS/src/communication/c_io.c:894:9:io_InputBufEmpty	16	static
../CarOS/src/communication/c_io.c:909:10:io_InputBufCapacity	16	static
../CarOS/src/communication/c_io.c:924:10:io_InputBufGetSize	24	static
../CarOS/src/communication/c_io.c:951:10:io_InputBufGetSpare	24	static
../CarOS/src/communication/c_io.c:978:13:_io_InputBufRetreatPointer	16	static
../CarOS/src/communication/c_io.c:994:13:_io_InputBufAdvancePointer	16	static
