../CarOS/src/communication/c_pkgproc.c:60:6:io_PackageMode	40	static
../CarOS/src/communication/c_pkgproc.c:98:6:io_PkgProcessorDeinit	16	static
../CarOS/src/communication/c_pkgproc.c:104:6:io_SetPkgParseFmt	24	static
../CarOS/src/communication/c_pkgproc.c:126:9:io_PackageProcess	32	static
../CarOS/src/communication/c_pkgproc.c:166:6:io_SendDataPackage	40	static
../CarOS/src/communication/c_pkgproc.c:241:9:_io_GetRawData	56	static
../CarOS/src/communication/c_pkgproc.c:446:9:ExamPkgFmt	16	static
../CarOS/src/communication/c_pkgproc.c:465:10:Chk_XOR	24	static
../CarOS/src/communication/c_pkgproc.c:512:10:Chk_CRC16_CCITT	32	static
../CarOS/src/communication/c_pkgproc.c:542:10:Chk_CRC16_CCITT_FALSE	32	static
../CarOS/src/communication/c_pkgproc.c:570:10:Chk_CRC16_XMODEM	32	static
../CarOS/src/communication/c_pkgproc.c:622:10:Chk_CRC16_X25	32	static
../CarOS/src/communication/c_pkgproc.c:676:10:Chk_CRC16_MODBUS	32	static
../CarOS/src/communication/c_pkgproc.c:730:10:Chk_CRC16_IBM	32	static
../CarOS/src/communication/c_pkgproc.c:784:10:Chk_CRC16_MAXIM	32	static
../CarOS/src/communication/c_pkgproc.c:838:10:Chk_CRC16_USB	32	static
../CarOS/src/communication/c_pkgproc.c:892:10:Chk_CRC16_DNP	32	static
../CarOS/src/communication/c_pkgproc.c:918:6:InvertUint8	24	static
../CarOS/src/communication/c_pkgproc.c:931:6:InvertUint16	32	static
../CarOS/src/communication/c_pkgproc.c:943:6:InvertUint32	40	static
